Archive member included because of file (symbol)

c:/program files (x86)/atmel/avr tools/avr toolchain/bin/../lib/gcc/avr/4.6.2/avr51\libgcc.a(_exit.o)
                              c:/program files (x86)/atmel/avr tools/avr toolchain/bin/../lib/gcc/avr/4.6.2/../../../../avr/lib/avr51/crtusb1286.o (exit)
c:/program files (x86)/atmel/avr tools/avr toolchain/bin/../lib/gcc/avr/4.6.2/avr51\libgcc.a(_copy_data.o)
                              GenericHID.o (__do_copy_data)
c:/program files (x86)/atmel/avr tools/avr toolchain/bin/../lib/gcc/avr/4.6.2/avr51\libgcc.a(_clear_bss.o)
                              GenericHID.o (__do_clear_bss)
c:/program files (x86)/atmel/avr tools/avr toolchain/bin/../lib/gcc/avr/4.6.2/../../../../avr/lib/avr51\libc.a(memcpy_P.o)
                              ../../../../LUFA/Drivers/USB/Class/Device/RNDIS.o (memcpy_P)
c:/program files (x86)/atmel/avr tools/avr toolchain/bin/../lib/gcc/avr/4.6.2/../../../../avr/lib/avr51\libc.a(memcmp.o)
                              ../../../../LUFA/Drivers/USB/Class/Device/HID.o (memcmp)
c:/program files (x86)/atmel/avr tools/avr toolchain/bin/../lib/gcc/avr/4.6.2/../../../../avr/lib/avr51\libc.a(memcpy.o)
                              GenericHID.o (memcpy)
c:/program files (x86)/atmel/avr tools/avr toolchain/bin/../lib/gcc/avr/4.6.2/../../../../avr/lib/avr51\libc.a(memset.o)
                              ../../../../LUFA/Drivers/USB/Class/Device/HID.o (memset)
c:/program files (x86)/atmel/avr tools/avr toolchain/bin/../lib/gcc/avr/4.6.2/../../../../avr/lib/avr51\libc.a(eerd_byte_at90usb1287.o)
                              ../../../../LUFA/Drivers/USB/HighLevel/EndpointStream.o (__eerd_byte_usb1287)
c:/program files (x86)/atmel/avr tools/avr toolchain/bin/../lib/gcc/avr/4.6.2/../../../../avr/lib/avr51\libc.a(eeupd_byte_at90usb1287.o)
                              ../../../../LUFA/Drivers/USB/HighLevel/EndpointStream.o (__eeupd_byte_usb1287)

Allocating common symbols
Common symbol       size              file

USB_IsInitialized   0x1               ../../../../LUFA/Drivers/USB/HighLevel/USBTask.o
USB_CurrentlySelfPowered
                    0x1               ../../../../LUFA/Drivers/USB/HighLevel/DeviceStandardReq.o
USB_RemoteWakeupEnabled
                    0x1               ../../../../LUFA/Drivers/USB/HighLevel/DeviceStandardReq.o
USB_DeviceState     0x1               ../../../../LUFA/Drivers/USB/HighLevel/USBTask.o
HIDReportEcho       0xb               GenericHID.o
PrevHIDReportBuffer
                    0x8               GenericHID.o
USB_ControlRequest  0x8               ../../../../LUFA/Drivers/USB/HighLevel/USBTask.o
USB_ConfigurationNumber
                    0x1               ../../../../LUFA/Drivers/USB/HighLevel/DeviceStandardReq.o

Discarded input sections

 .bss           0x00000000        0x0 c:/program files (x86)/atmel/avr tools/avr toolchain/bin/../lib/gcc/avr/4.6.2/../../../../avr/lib/avr51/crtusb1286.o
 .text          0x00000000        0x0 GenericHID.o
 .bss           0x00000000        0x0 GenericHID.o
 .text          0x00000000        0x0 Descriptors.o
 .bss           0x00000000        0x0 Descriptors.o
 .text          0x00000000        0x0 ../../../../LUFA/Drivers/USB/LowLevel/Device.o
 .bss           0x00000000        0x0 ../../../../LUFA/Drivers/USB/LowLevel/Device.o
 .text.USB_Device_SendRemoteWakeup
                0x00000000       0x2e ../../../../LUFA/Drivers/USB/LowLevel/Device.o
 .text          0x00000000        0x0 ../../../../LUFA/Drivers/USB/LowLevel/Endpoint.o
 .bss           0x00000000        0x0 ../../../../LUFA/Drivers/USB/LowLevel/Endpoint.o
 .text.Endpoint_ClearEndpoints
                0x00000000       0x28 ../../../../LUFA/Drivers/USB/LowLevel/Endpoint.o
 .text          0x00000000        0x0 ../../../../LUFA/Drivers/USB/LowLevel/Host.o
 .bss           0x00000000        0x0 ../../../../LUFA/Drivers/USB/LowLevel/Host.o
 .text          0x00000000        0x0 ../../../../LUFA/Drivers/USB/LowLevel/Pipe.o
 .bss           0x00000000        0x0 ../../../../LUFA/Drivers/USB/LowLevel/Pipe.o
 .text          0x00000000        0x0 ../../../../LUFA/Drivers/USB/LowLevel/USBController.o
 .bss           0x00000000        0x0 ../../../../LUFA/Drivers/USB/LowLevel/USBController.o
 .text.USB_ShutDown
                0x00000000       0x34 ../../../../LUFA/Drivers/USB/LowLevel/USBController.o
 .text          0x00000000        0x0 ../../../../LUFA/Drivers/USB/LowLevel/USBInterrupt.o
 .bss           0x00000000        0x0 ../../../../LUFA/Drivers/USB/LowLevel/USBInterrupt.o
 .text          0x00000000        0x0 ../../../../LUFA/Drivers/USB/HighLevel/ConfigDescriptor.o
 .bss           0x00000000        0x0 ../../../../LUFA/Drivers/USB/HighLevel/ConfigDescriptor.o
 .text.USB_GetNextDescriptorOfType
                0x00000000       0x42 ../../../../LUFA/Drivers/USB/HighLevel/ConfigDescriptor.o
 .text.USB_GetNextDescriptorOfTypeBefore
                0x00000000       0x4c ../../../../LUFA/Drivers/USB/HighLevel/ConfigDescriptor.o
 .text.USB_GetNextDescriptorOfTypeAfter
                0x00000000       0x34 ../../../../LUFA/Drivers/USB/HighLevel/ConfigDescriptor.o
 .text.USB_GetNextDescriptorComp
                0x00000000       0x7e ../../../../LUFA/Drivers/USB/HighLevel/ConfigDescriptor.o
 .text          0x00000000        0x0 ../../../../LUFA/Drivers/USB/HighLevel/DeviceStandardReq.o
 .bss           0x00000000        0x0 ../../../../LUFA/Drivers/USB/HighLevel/DeviceStandardReq.o
 .text          0x00000000        0x0 ../../../../LUFA/Drivers/USB/HighLevel/Events.o
 .bss           0x00000000        0x0 ../../../../LUFA/Drivers/USB/HighLevel/Events.o
 .text          0x00000000        0x0 ../../../../LUFA/Drivers/USB/HighLevel/EndpointStream.o
 .bss           0x00000000        0x0 ../../../../LUFA/Drivers/USB/HighLevel/EndpointStream.o
 .text.Endpoint_Discard_Stream
                0x00000000       0x66 ../../../../LUFA/Drivers/USB/HighLevel/EndpointStream.o
 .text.Endpoint_Write_PStream_LE
                0x00000000       0x9a ../../../../LUFA/Drivers/USB/HighLevel/EndpointStream.o
 .text.Endpoint_Write_EStream_LE
                0x00000000       0xa8 ../../../../LUFA/Drivers/USB/HighLevel/EndpointStream.o
 .text.Endpoint_Write_Stream_BE
                0x00000000       0x90 ../../../../LUFA/Drivers/USB/HighLevel/EndpointStream.o
 .text.Endpoint_Write_EStream_BE
                0x00000000       0x94 ../../../../LUFA/Drivers/USB/HighLevel/EndpointStream.o
 .text.Endpoint_Write_PStream_BE
                0x00000000       0x90 ../../../../LUFA/Drivers/USB/HighLevel/EndpointStream.o
 .text.Endpoint_Read_Stream_LE
                0x00000000       0x98 ../../../../LUFA/Drivers/USB/HighLevel/EndpointStream.o
 .text.Endpoint_Read_EStream_LE
                0x00000000       0xa6 ../../../../LUFA/Drivers/USB/HighLevel/EndpointStream.o
 .text.Endpoint_Read_Stream_BE
                0x00000000       0x90 ../../../../LUFA/Drivers/USB/HighLevel/EndpointStream.o
 .text.Endpoint_Read_EStream_BE
                0x00000000       0x94 ../../../../LUFA/Drivers/USB/HighLevel/EndpointStream.o
 .text.Endpoint_Write_Control_EStream_LE
                0x00000000       0xd8 ../../../../LUFA/Drivers/USB/HighLevel/EndpointStream.o
 .text.Endpoint_Write_Control_Stream_BE
                0x00000000       0xc0 ../../../../LUFA/Drivers/USB/HighLevel/EndpointStream.o
 .text.Endpoint_Write_Control_PStream_BE
                0x00000000       0xc8 ../../../../LUFA/Drivers/USB/HighLevel/EndpointStream.o
 .text.Endpoint_Write_Control_EStream_BE
                0x00000000       0xe0 ../../../../LUFA/Drivers/USB/HighLevel/EndpointStream.o
 .text.Endpoint_Read_Control_EStream_LE
                0x00000000       0x96 ../../../../LUFA/Drivers/USB/HighLevel/EndpointStream.o
 .text.Endpoint_Read_Control_Stream_BE
                0x00000000       0x82 ../../../../LUFA/Drivers/USB/HighLevel/EndpointStream.o
 .text.Endpoint_Read_Control_EStream_BE
                0x00000000       0x94 ../../../../LUFA/Drivers/USB/HighLevel/EndpointStream.o
 .text          0x00000000        0x0 ../../../../LUFA/Drivers/USB/HighLevel/HostStandardReq.o
 .bss           0x00000000        0x0 ../../../../LUFA/Drivers/USB/HighLevel/HostStandardReq.o
 .text          0x00000000        0x0 ../../../../LUFA/Drivers/USB/HighLevel/PipeStream.o
 .bss           0x00000000        0x0 ../../../../LUFA/Drivers/USB/HighLevel/PipeStream.o
 .text          0x00000000        0x0 ../../../../LUFA/Drivers/USB/HighLevel/USBTask.o
 .bss           0x00000000        0x0 ../../../../LUFA/Drivers/USB/HighLevel/USBTask.o
 .text          0x00000000        0x0 ../../../../LUFA/Drivers/USB/Class/Host/HIDParser.o
 .bss           0x00000000        0x0 ../../../../LUFA/Drivers/USB/Class/Host/HIDParser.o
 .text          0x00000000        0x0 ../../../../LUFA/Drivers/USB/Class/Device/Audio.o
 .bss           0x00000000        0x0 ../../../../LUFA/Drivers/USB/Class/Device/Audio.o
 .text.Audio_Device_ProcessControlRequest
                0x00000000       0x52 ../../../../LUFA/Drivers/USB/Class/Device/Audio.o
 .text.Audio_Device_ConfigureEndpoints
                0x00000000       0x60 ../../../../LUFA/Drivers/USB/Class/Device/Audio.o
 .text          0x00000000        0x0 ../../../../LUFA/Drivers/USB/Class/Device/CDC.o
 .bss           0x00000000        0x0 ../../../../LUFA/Drivers/USB/Class/Device/CDC.o
 .text.CDC_Device_Event_Stub
                0x00000000        0x2 ../../../../LUFA/Drivers/USB/Class/Device/CDC.o
 .text.CDC_Device_ProcessControlRequest
                0x00000000       0xe8 ../../../../LUFA/Drivers/USB/Class/Device/CDC.o
 .text.CDC_Device_ConfigureEndpoints
                0x00000000       0x98 ../../../../LUFA/Drivers/USB/Class/Device/CDC.o
 .text.CDC_Device_SendString
                0x00000000       0x3a ../../../../LUFA/Drivers/USB/Class/Device/CDC.o
 .text.CDC_Device_SendByte
                0x00000000       0x4e ../../../../LUFA/Drivers/USB/Class/Device/CDC.o
 .text.CDC_Device_putchar
                0x00000000       0x1e ../../../../LUFA/Drivers/USB/Class/Device/CDC.o
 .text.CDC_Device_Flush
                0x00000000       0x60 ../../../../LUFA/Drivers/USB/Class/Device/CDC.o
 .text.CDC_Device_USBTask
                0x00000000       0x22 ../../../../LUFA/Drivers/USB/Class/Device/CDC.o
 .text.CDC_Device_BytesReceived
                0x00000000       0x58 ../../../../LUFA/Drivers/USB/Class/Device/CDC.o
 .text.CDC_Device_ReceiveByte
                0x00000000       0x68 ../../../../LUFA/Drivers/USB/Class/Device/CDC.o
 .text.CDC_Device_getchar_Blocking
                0x00000000       0x34 ../../../../LUFA/Drivers/USB/Class/Device/CDC.o
 .text.CDC_Device_getchar
                0x00000000       0x14 ../../../../LUFA/Drivers/USB/Class/Device/CDC.o
 .text.CDC_Device_SendControlLineStateChange
                0x00000000       0x8c ../../../../LUFA/Drivers/USB/Class/Device/CDC.o
 .text.CDC_Device_CreateStream
                0x00000000       0x26 ../../../../LUFA/Drivers/USB/Class/Device/CDC.o
 .text.CDC_Device_CreateBlockingStream
                0x00000000       0x26 ../../../../LUFA/Drivers/USB/Class/Device/CDC.o
 .text          0x00000000        0x0 ../../../../LUFA/Drivers/USB/Class/Device/HID.o
 .bss           0x00000000        0x0 ../../../../LUFA/Drivers/USB/Class/Device/HID.o
 .text          0x00000000        0x0 ../../../../LUFA/Drivers/USB/Class/Device/MassStorage.o
 .bss           0x00000000        0x2 ../../../../LUFA/Drivers/USB/Class/Device/MassStorage.o
 .text.StreamCallback_MS_Device_AbortOnMassStoreReset
                0x00000000       0x10 ../../../../LUFA/Drivers/USB/Class/Device/MassStorage.o
 .text.MS_Device_ProcessControlRequest
                0x00000000       0x76 ../../../../LUFA/Drivers/USB/Class/Device/MassStorage.o
 .text.MS_Device_ConfigureEndpoints
                0x00000000       0x7c ../../../../LUFA/Drivers/USB/Class/Device/MassStorage.o
 .text.MS_Device_USBTask
                0x00000000      0x1f6 ../../../../LUFA/Drivers/USB/Class/Device/MassStorage.o
 .text          0x00000000        0x0 ../../../../LUFA/Drivers/USB/Class/Device/MIDI.o
 .bss           0x00000000        0x0 ../../../../LUFA/Drivers/USB/Class/Device/MIDI.o
 .text.MIDI_Device_ConfigureEndpoints
                0x00000000       0x6e ../../../../LUFA/Drivers/USB/Class/Device/MIDI.o
 .text.MIDI_Device_SendEventPacket
                0x00000000       0x46 ../../../../LUFA/Drivers/USB/Class/Device/MIDI.o
 .text.MIDI_Device_Flush
                0x00000000       0x34 ../../../../LUFA/Drivers/USB/Class/Device/MIDI.o
 .text.MIDI_Device_ReceiveEventPacket
                0x00000000       0x44 ../../../../LUFA/Drivers/USB/Class/Device/MIDI.o
 .text          0x00000000        0x0 ../../../../LUFA/Drivers/USB/Class/Device/RNDIS.o
 .bss           0x00000000        0x0 ../../../../LUFA/Drivers/USB/Class/Device/RNDIS.o
 .text.RNDIS_Device_ProcessControlRequest
                0x00000000      0x5ca ../../../../LUFA/Drivers/USB/Class/Device/RNDIS.o
 .text.RNDIS_Device_ConfigureEndpoints
                0x00000000       0x9e ../../../../LUFA/Drivers/USB/Class/Device/RNDIS.o
 .text.RNDIS_Device_USBTask
                0x00000000      0x1e2 ../../../../LUFA/Drivers/USB/Class/Device/RNDIS.o
 .progmem.data  0x00000000       0x6c ../../../../LUFA/Drivers/USB/Class/Device/RNDIS.o
 .text          0x00000000        0x0 ../../../../LUFA/Drivers/USB/Class/Host/CDC.o
 .bss           0x00000000        0x0 ../../../../LUFA/Drivers/USB/Class/Host/CDC.o
 .text          0x00000000        0x0 ../../../../LUFA/Drivers/USB/Class/Host/HID.o
 .bss           0x00000000        0x0 ../../../../LUFA/Drivers/USB/Class/Host/HID.o
 .text          0x00000000        0x0 ../../../../LUFA/Drivers/USB/Class/Host/MassStorage.o
 .bss           0x00000000        0x0 ../../../../LUFA/Drivers/USB/Class/Host/MassStorage.o
 .text          0x00000000        0x0 ../../../../LUFA/Drivers/USB/Class/Host/MIDI.o
 .bss           0x00000000        0x0 ../../../../LUFA/Drivers/USB/Class/Host/MIDI.o
 .text          0x00000000        0x0 ../../../../LUFA/Drivers/USB/Class/Host/Printer.o
 .bss           0x00000000        0x0 ../../../../LUFA/Drivers/USB/Class/Host/Printer.o
 .text          0x00000000        0x0 ../../../../LUFA/Drivers/USB/Class/Host/RNDIS.o
 .bss           0x00000000        0x0 ../../../../LUFA/Drivers/USB/Class/Host/RNDIS.o
 .text          0x00000000        0x0 ../../../../LUFA/Drivers/USB/Class/Host/StillImage.o
 .bss           0x00000000        0x0 ../../../../LUFA/Drivers/USB/Class/Host/StillImage.o
 .text          0x00000000        0x0 c:/program files (x86)/atmel/avr tools/avr toolchain/bin/../lib/gcc/avr/4.6.2/avr51\libgcc.a(_exit.o)
 .bss           0x00000000        0x0 c:/program files (x86)/atmel/avr tools/avr toolchain/bin/../lib/gcc/avr/4.6.2/avr51\libgcc.a(_exit.o)
 .text.libgcc   0x00000000        0x0 c:/program files (x86)/atmel/avr tools/avr toolchain/bin/../lib/gcc/avr/4.6.2/avr51\libgcc.a(_exit.o)
 .text          0x00000000        0x0 c:/program files (x86)/atmel/avr tools/avr toolchain/bin/../lib/gcc/avr/4.6.2/avr51\libgcc.a(_copy_data.o)
 .bss           0x00000000        0x0 c:/program files (x86)/atmel/avr tools/avr toolchain/bin/../lib/gcc/avr/4.6.2/avr51\libgcc.a(_copy_data.o)
 .text.libgcc   0x00000000        0x0 c:/program files (x86)/atmel/avr tools/avr toolchain/bin/../lib/gcc/avr/4.6.2/avr51\libgcc.a(_copy_data.o)
 .text          0x00000000        0x0 c:/program files (x86)/atmel/avr tools/avr toolchain/bin/../lib/gcc/avr/4.6.2/avr51\libgcc.a(_clear_bss.o)
 .bss           0x00000000        0x0 c:/program files (x86)/atmel/avr tools/avr toolchain/bin/../lib/gcc/avr/4.6.2/avr51\libgcc.a(_clear_bss.o)
 .text.libgcc   0x00000000        0x0 c:/program files (x86)/atmel/avr tools/avr toolchain/bin/../lib/gcc/avr/4.6.2/avr51\libgcc.a(_clear_bss.o)
 .text          0x00000000        0x0 c:/program files (x86)/atmel/avr tools/avr toolchain/bin/../lib/gcc/avr/4.6.2/../../../../avr/lib/avr51\libc.a(memcpy_P.o)
 .bss           0x00000000        0x0 c:/program files (x86)/atmel/avr tools/avr toolchain/bin/../lib/gcc/avr/4.6.2/../../../../avr/lib/avr51\libc.a(memcpy_P.o)
 .text.avr-libc
                0x00000000       0x12 c:/program files (x86)/atmel/avr tools/avr toolchain/bin/../lib/gcc/avr/4.6.2/../../../../avr/lib/avr51\libc.a(memcpy_P.o)
 .text          0x00000000        0x0 c:/program files (x86)/atmel/avr tools/avr toolchain/bin/../lib/gcc/avr/4.6.2/../../../../avr/lib/avr51\libc.a(memcmp.o)
 .bss           0x00000000        0x0 c:/program files (x86)/atmel/avr tools/avr toolchain/bin/../lib/gcc/avr/4.6.2/../../../../avr/lib/avr51\libc.a(memcmp.o)
 .text          0x00000000        0x0 c:/program files (x86)/atmel/avr tools/avr toolchain/bin/../lib/gcc/avr/4.6.2/../../../../avr/lib/avr51\libc.a(memcpy.o)
 .bss           0x00000000        0x0 c:/program files (x86)/atmel/avr tools/avr toolchain/bin/../lib/gcc/avr/4.6.2/../../../../avr/lib/avr51\libc.a(memcpy.o)
 .text          0x00000000        0x0 c:/program files (x86)/atmel/avr tools/avr toolchain/bin/../lib/gcc/avr/4.6.2/../../../../avr/lib/avr51\libc.a(memset.o)
 .bss           0x00000000        0x0 c:/program files (x86)/atmel/avr tools/avr toolchain/bin/../lib/gcc/avr/4.6.2/../../../../avr/lib/avr51\libc.a(memset.o)
 .text          0x00000000        0x0 c:/program files (x86)/atmel/avr tools/avr toolchain/bin/../lib/gcc/avr/4.6.2/../../../../avr/lib/avr51\libc.a(eerd_byte_at90usb1287.o)
 .bss           0x00000000        0x0 c:/program files (x86)/atmel/avr tools/avr toolchain/bin/../lib/gcc/avr/4.6.2/../../../../avr/lib/avr51\libc.a(eerd_byte_at90usb1287.o)
 .text.avr-libc
                0x00000000       0x10 c:/program files (x86)/atmel/avr tools/avr toolchain/bin/../lib/gcc/avr/4.6.2/../../../../avr/lib/avr51\libc.a(eerd_byte_at90usb1287.o)
 .text          0x00000000        0x0 c:/program files (x86)/atmel/avr tools/avr toolchain/bin/../lib/gcc/avr/4.6.2/../../../../avr/lib/avr51\libc.a(eeupd_byte_at90usb1287.o)
 .bss           0x00000000        0x0 c:/program files (x86)/atmel/avr tools/avr toolchain/bin/../lib/gcc/avr/4.6.2/../../../../avr/lib/avr51\libc.a(eeupd_byte_at90usb1287.o)
 .text.avr-libc
                0x00000000       0x24 c:/program files (x86)/atmel/avr tools/avr toolchain/bin/../lib/gcc/avr/4.6.2/../../../../avr/lib/avr51\libc.a(eeupd_byte_at90usb1287.o)

Memory Configuration

Name             Origin             Length             Attributes
text             0x00000000         0x00020000         xr
data             0x00800100         0x0000ff00         rw !x
eeprom           0x00810000         0x00010000         rw !x
fuse             0x00820000         0x00000400         rw !x
lock             0x00830000         0x00000400         rw !x
signature        0x00840000         0x00000400         rw !x
*default*        0x00000000         0xffffffff

Linker script and memory map

Address of section .data set to 0x800100
LOAD c:/program files (x86)/atmel/avr tools/avr toolchain/bin/../lib/gcc/avr/4.6.2/../../../../avr/lib/avr51/crtusb1286.o
LOAD GenericHID.o
LOAD Descriptors.o
LOAD ../../../../LUFA/Drivers/USB/LowLevel/Device.o
LOAD ../../../../LUFA/Drivers/USB/LowLevel/Endpoint.o
LOAD ../../../../LUFA/Drivers/USB/LowLevel/Host.o
LOAD ../../../../LUFA/Drivers/USB/LowLevel/Pipe.o
LOAD ../../../../LUFA/Drivers/USB/LowLevel/USBController.o
LOAD ../../../../LUFA/Drivers/USB/LowLevel/USBInterrupt.o
LOAD ../../../../LUFA/Drivers/USB/HighLevel/ConfigDescriptor.o
LOAD ../../../../LUFA/Drivers/USB/HighLevel/DeviceStandardReq.o
LOAD ../../../../LUFA/Drivers/USB/HighLevel/Events.o
LOAD ../../../../LUFA/Drivers/USB/HighLevel/EndpointStream.o
LOAD ../../../../LUFA/Drivers/USB/HighLevel/HostStandardReq.o
LOAD ../../../../LUFA/Drivers/USB/HighLevel/PipeStream.o
LOAD ../../../../LUFA/Drivers/USB/HighLevel/USBTask.o
LOAD ../../../../LUFA/Drivers/USB/Class/Host/HIDParser.o
LOAD ../../../../LUFA/Drivers/USB/Class/Device/Audio.o
LOAD ../../../../LUFA/Drivers/USB/Class/Device/CDC.o
LOAD ../../../../LUFA/Drivers/USB/Class/Device/HID.o
LOAD ../../../../LUFA/Drivers/USB/Class/Device/MassStorage.o
LOAD ../../../../LUFA/Drivers/USB/Class/Device/MIDI.o
LOAD ../../../../LUFA/Drivers/USB/Class/Device/RNDIS.o
LOAD ../../../../LUFA/Drivers/USB/Class/Host/CDC.o
LOAD ../../../../LUFA/Drivers/USB/Class/Host/HID.o
LOAD ../../../../LUFA/Drivers/USB/Class/Host/MassStorage.o
LOAD ../../../../LUFA/Drivers/USB/Class/Host/MIDI.o
LOAD ../../../../LUFA/Drivers/USB/Class/Host/Printer.o
LOAD ../../../../LUFA/Drivers/USB/Class/Host/RNDIS.o
LOAD ../../../../LUFA/Drivers/USB/Class/Host/StillImage.o
LOAD c:/program files (x86)/atmel/avr tools/avr toolchain/bin/../lib/gcc/avr/4.6.2/../../../../avr/lib/avr51\libm.a
LOAD c:/program files (x86)/atmel/avr tools/avr toolchain/bin/../lib/gcc/avr/4.6.2/avr51\libgcc.a
LOAD c:/program files (x86)/atmel/avr tools/avr toolchain/bin/../lib/gcc/avr/4.6.2/../../../../avr/lib/avr51\libc.a
LOAD c:/program files (x86)/atmel/avr tools/avr toolchain/bin/../lib/gcc/avr/4.6.2/avr51\libgcc.a

.hash
 *(.hash)

.dynsym
 *(.dynsym)

.dynstr
 *(.dynstr)

.gnu.version
 *(.gnu.version)

.gnu.version_d
 *(.gnu.version_d)

.gnu.version_r
 *(.gnu.version_r)

.rel.init
 *(.rel.init)

.rela.init
 *(.rela.init)

.rel.text
 *(.rel.text)
 *(.rel.text.*)
 *(.rel.gnu.linkonce.t*)

.rela.text
 *(.rela.text)
 *(.rela.text.*)
 *(.rela.gnu.linkonce.t*)

.rel.fini
 *(.rel.fini)

.rela.fini
 *(.rela.fini)

.rel.rodata
 *(.rel.rodata)
 *(.rel.rodata.*)
 *(.rel.gnu.linkonce.r*)

.rela.rodata
 *(.rela.rodata)
 *(.rela.rodata.*)
 *(.rela.gnu.linkonce.r*)

.rel.data
 *(.rel.data)
 *(.rel.data.*)
 *(.rel.gnu.linkonce.d*)

.rela.data
 *(.rela.data)
 *(.rela.data.*)
 *(.rela.gnu.linkonce.d*)

.rel.ctors
 *(.rel.ctors)

.rela.ctors
 *(.rela.ctors)

.rel.dtors
 *(.rel.dtors)

.rela.dtors
 *(.rela.dtors)

.rel.got
 *(.rel.got)

.rela.got
 *(.rela.got)

.rel.bss
 *(.rel.bss)

.rela.bss
 *(.rela.bss)

.rel.plt
 *(.rel.plt)

.rela.plt
 *(.rela.plt)

.text           0x00000000      0xfcc
 *(.vectors)
 .vectors       0x00000000       0x98 c:/program files (x86)/atmel/avr tools/avr toolchain/bin/../lib/gcc/avr/4.6.2/../../../../avr/lib/avr51/crtusb1286.o
                0x00000000                __vector_default
                0x00000000                __vectors
 *(.vectors)
 *(.progmem.gcc*)
 *(.progmem*)
 .progmem.data  0x00000098       0xa0 Descriptors.o
                0x00000098                ProductString
                0x000000c6                ManufacturerString
                0x000000e0                LanguageString
                0x000000e4                ConfigurationDescriptor
                0x00000106                DeviceDescriptor
                0x00000118                GenericReport
                0x00000138                . = ALIGN (0x2)
                0x00000138                __trampolines_start = .
 *(.trampolines)
 .trampolines   0x00000138        0x0 linker stubs
 *(.trampolines*)
                0x00000138                __trampolines_end = .
 *(.jumptables)
 *(.jumptables*)
 *(.lowtext)
 *(.lowtext*)
                0x00000138                __ctors_start = .
 *(.ctors)
                0x00000138                __ctors_end = .
                0x00000138                __dtors_start = .
 *(.dtors)
                0x00000138                __dtors_end = .
 SORT(*)(.ctors)
 SORT(*)(.dtors)
 *(.init0)
 .init0         0x00000138        0x0 c:/program files (x86)/atmel/avr tools/avr toolchain/bin/../lib/gcc/avr/4.6.2/../../../../avr/lib/avr51/crtusb1286.o
                0x00000138                __init
 *(.init0)
 *(.init1)
 *(.init1)
 *(.init2)
 .init2         0x00000138        0xc c:/program files (x86)/atmel/avr tools/avr toolchain/bin/../lib/gcc/avr/4.6.2/../../../../avr/lib/avr51/crtusb1286.o
 *(.init2)
 *(.init3)
 *(.init3)
 *(.init4)
 .init4         0x00000144       0x1c c:/program files (x86)/atmel/avr tools/avr toolchain/bin/../lib/gcc/avr/4.6.2/avr51\libgcc.a(_copy_data.o)
                0x00000144                __do_copy_data
 .init4         0x00000160       0x10 c:/program files (x86)/atmel/avr tools/avr toolchain/bin/../lib/gcc/avr/4.6.2/avr51\libgcc.a(_clear_bss.o)
                0x00000160                __do_clear_bss
 *(.init4)
 *(.init5)
 *(.init5)
 *(.init6)
 *(.init6)
 *(.init7)
 *(.init7)
 *(.init8)
 *(.init8)
 *(.init9)
 .init9         0x00000170        0x4 c:/program files (x86)/atmel/avr tools/avr toolchain/bin/../lib/gcc/avr/4.6.2/../../../../avr/lib/avr51/crtusb1286.o
 *(.init9)
 *(.text)
 .text          0x00000174        0x2 c:/program files (x86)/atmel/avr tools/avr toolchain/bin/../lib/gcc/avr/4.6.2/../../../../avr/lib/avr51/crtusb1286.o
                0x00000174                __vector_22
                0x00000174                __vector_28
                0x00000174                __vector_1
                0x00000174                __vector_32
                0x00000174                __vector_34
                0x00000174                __vector_24
                0x00000174                __vector_12
                0x00000174                __bad_interrupt
                0x00000174                __vector_6
                0x00000174                __vector_31
                0x00000174                __vector_35
                0x00000174                __vector_3
                0x00000174                __vector_23
                0x00000174                __vector_30
                0x00000174                __vector_25
                0x00000174                __vector_11
                0x00000174                __vector_13
                0x00000174                __vector_17
                0x00000174                __vector_19
                0x00000174                __vector_7
                0x00000174                __vector_27
                0x00000174                __vector_5
                0x00000174                __vector_33
                0x00000174                __vector_37
                0x00000174                __vector_4
                0x00000174                __vector_9
                0x00000174                __vector_2
                0x00000174                __vector_21
                0x00000174                __vector_15
                0x00000174                __vector_36
                0x00000174                __vector_29
                0x00000174                __vector_8
                0x00000174                __vector_26
                0x00000174                __vector_14
                0x00000174                __vector_16
                0x00000174                __vector_18
                0x00000174                __vector_20
                0x00000176                . = ALIGN (0x2)
 *(.text.*)
 .text.LEDs_SetAllLEDs
                0x00000176        0xa GenericHID.o
 .text.SetupHardware
                0x00000180       0x36 GenericHID.o
                0x00000180                SetupHardware
 .text.startup.main
                0x000001b6       0x12 GenericHID.o
                0x000001b6                main
 .text.EVENT_USB_Device_Connect
                0x000001c8        0x4 GenericHID.o
                0x000001c8                EVENT_USB_Device_Connect
 .text.EVENT_USB_Device_Disconnect
                0x000001cc        0x4 GenericHID.o
                0x000001cc                EVENT_USB_Device_Disconnect
 .text.EVENT_USB_Device_ConfigurationChanged
                0x000001d0       0x1c GenericHID.o
                0x000001d0                EVENT_USB_Device_ConfigurationChanged
 .text.EVENT_USB_Device_UnhandledControlRequest
                0x000001ec        0x6 GenericHID.o
                0x000001ec                EVENT_USB_Device_UnhandledControlRequest
 .text.EVENT_USB_Device_StartOfFrame
                0x000001f2       0x18 GenericHID.o
                0x000001f2                EVENT_USB_Device_StartOfFrame
 .text.CALLBACK_HID_Device_CreateHIDReport
                0x0000020a       0x3e GenericHID.o
                0x0000020a                CALLBACK_HID_Device_CreateHIDReport
 .text.CALLBACK_HID_Device_ProcessHIDReport
                0x00000248       0x22 GenericHID.o
                0x00000248                CALLBACK_HID_Device_ProcessHIDReport
 .text.CALLBACK_USB_GetDescriptor
                0x0000026a       0x7a Descriptors.o
                0x0000026a                CALLBACK_USB_GetDescriptor
 .text.Endpoint_ConfigureEndpoint_Prv
                0x000002e4       0x26 ../../../../LUFA/Drivers/USB/LowLevel/Endpoint.o
                0x000002e4                Endpoint_ConfigureEndpoint_Prv
 .text.Endpoint_ClearStatusStage
                0x0000030a       0x42 ../../../../LUFA/Drivers/USB/LowLevel/Endpoint.o
                0x0000030a                Endpoint_ClearStatusStage
 .text.Endpoint_WaitUntilReady
                0x0000034c       0x62 ../../../../LUFA/Drivers/USB/LowLevel/Endpoint.o
                0x0000034c                Endpoint_WaitUntilReady
 .text.USB_ResetInterface
                0x000003ae       0x9a ../../../../LUFA/Drivers/USB/LowLevel/USBController.o
                0x000003ae                USB_ResetInterface
 .text.USB_Init
                0x00000448       0x12 ../../../../LUFA/Drivers/USB/LowLevel/USBController.o
                0x00000448                USB_Init
 .text.USB_INT_DisableAllInterrupts
                0x0000045a       0x10 ../../../../LUFA/Drivers/USB/LowLevel/USBInterrupt.o
                0x0000045a                USB_INT_DisableAllInterrupts
 .text.USB_INT_ClearAllInterrupts
                0x0000046a        0xa ../../../../LUFA/Drivers/USB/LowLevel/USBInterrupt.o
                0x0000046a                USB_INT_ClearAllInterrupts
 .text.__vector_10
                0x00000474      0x18c ../../../../LUFA/Drivers/USB/LowLevel/USBInterrupt.o
                0x00000474                __vector_10
 .text.USB_Device_ProcessControlRequest
                0x00000600      0x2c6 ../../../../LUFA/Drivers/USB/HighLevel/DeviceStandardReq.o
                0x00000600                USB_Device_ProcessControlRequest
 .text.USB_Event_Stub
                0x000008c6        0x2 ../../../../LUFA/Drivers/USB/HighLevel/Events.o
                0x000008c6                USB_Event_Stub
                0x000008c6                EVENT_USB_Device_Suspend
                0x000008c6                EVENT_USB_Device_Reset
                0x000008c6                EVENT_USB_Device_WakeUp
 .text.Endpoint_Write_Stream_LE
                0x000008c8       0x94 ../../../../LUFA/Drivers/USB/HighLevel/EndpointStream.o
                0x000008c8                Endpoint_Write_Stream_LE
 .text.Endpoint_Write_Control_Stream_LE
                0x0000095c       0xb8 ../../../../LUFA/Drivers/USB/HighLevel/EndpointStream.o
                0x0000095c                Endpoint_Write_Control_Stream_LE
 .text.Endpoint_Write_Control_PStream_LE
                0x00000a14       0xc0 ../../../../LUFA/Drivers/USB/HighLevel/EndpointStream.o
                0x00000a14                Endpoint_Write_Control_PStream_LE
 .text.Endpoint_Read_Control_Stream_LE
                0x00000ad4       0x92 ../../../../LUFA/Drivers/USB/HighLevel/EndpointStream.o
                0x00000ad4                Endpoint_Read_Control_Stream_LE
 .text.USB_USBTask
                0x00000b66       0x26 ../../../../LUFA/Drivers/USB/HighLevel/USBTask.o
                0x00000b66                USB_USBTask
 .text.HID_Device_ProcessControlRequest
                0x00000b8c      0x244 ../../../../LUFA/Drivers/USB/Class/Device/HID.o
                0x00000b8c                HID_Device_ProcessControlRequest
 .text.HID_Device_ConfigureEndpoints
                0x00000dd0       0x58 ../../../../LUFA/Drivers/USB/Class/Device/HID.o
                0x00000dd0                HID_Device_ConfigureEndpoints
 .text.HID_Device_USBTask
                0x00000e28      0x166 ../../../../LUFA/Drivers/USB/Class/Device/HID.o
                0x00000e28                HID_Device_USBTask
 .text.avr-libc
                0x00000f8e       0x1a c:/program files (x86)/atmel/avr tools/avr toolchain/bin/../lib/gcc/avr/4.6.2/../../../../avr/lib/avr51\libc.a(memcmp.o)
                0x00000f8e                memcmp
 .text.avr-libc
                0x00000fa8       0x12 c:/program files (x86)/atmel/avr tools/avr toolchain/bin/../lib/gcc/avr/4.6.2/../../../../avr/lib/avr51\libc.a(memcpy.o)
                0x00000fa8                memcpy
 .text.avr-libc
                0x00000fba        0xe c:/program files (x86)/atmel/avr tools/avr toolchain/bin/../lib/gcc/avr/4.6.2/../../../../avr/lib/avr51\libc.a(memset.o)
                0x00000fba                memset
                0x00000fc8                . = ALIGN (0x2)
 *(.fini9)
 .fini9         0x00000fc8        0x0 c:/program files (x86)/atmel/avr tools/avr toolchain/bin/../lib/gcc/avr/4.6.2/avr51\libgcc.a(_exit.o)
                0x00000fc8                _exit
                0x00000fc8                exit
 *(.fini9)
 *(.fini8)
 *(.fini8)
 *(.fini7)
 *(.fini7)
 *(.fini6)
 *(.fini6)
 *(.fini5)
 *(.fini5)
 *(.fini4)
 *(.fini4)
 *(.fini3)
 *(.fini3)
 *(.fini2)
 *(.fini2)
 *(.fini1)
 *(.fini1)
 *(.fini0)
 .fini0         0x00000fc8        0x4 c:/program files (x86)/atmel/avr tools/avr toolchain/bin/../lib/gcc/avr/4.6.2/avr51\libgcc.a(_exit.o)
 *(.fini0)
                0x00000fcc                _etext = .

.data           0x00800100       0x1e load address 0x00000fcc
                0x00800100                PROVIDE (__data_start, .)
 *(.data)
 .data          0x00800100        0x0 c:/program files (x86)/atmel/avr tools/avr toolchain/bin/../lib/gcc/avr/4.6.2/../../../../avr/lib/avr51/crtusb1286.o
 .data          0x00800100        0xd GenericHID.o
                0x00800100                Generic_HID_Interface
 .data          0x0080010d        0x0 Descriptors.o
 .data          0x0080010d        0x0 ../../../../LUFA/Drivers/USB/LowLevel/Device.o
 .data          0x0080010d        0x0 ../../../../LUFA/Drivers/USB/LowLevel/Endpoint.o
 .data          0x0080010d        0x0 ../../../../LUFA/Drivers/USB/LowLevel/Host.o
 .data          0x0080010d        0x0 ../../../../LUFA/Drivers/USB/LowLevel/Pipe.o
 .data          0x0080010d        0x0 ../../../../LUFA/Drivers/USB/LowLevel/USBController.o
 .data          0x0080010d        0x0 ../../../../LUFA/Drivers/USB/LowLevel/USBInterrupt.o
 .data          0x0080010d        0x0 ../../../../LUFA/Drivers/USB/HighLevel/ConfigDescriptor.o
 .data          0x0080010d        0x0 ../../../../LUFA/Drivers/USB/HighLevel/DeviceStandardReq.o
 .data          0x0080010d        0x0 ../../../../LUFA/Drivers/USB/HighLevel/Events.o
 .data          0x0080010d        0x0 ../../../../LUFA/Drivers/USB/HighLevel/EndpointStream.o
 .data          0x0080010d        0x0 ../../../../LUFA/Drivers/USB/HighLevel/HostStandardReq.o
 .data          0x0080010d        0x0 ../../../../LUFA/Drivers/USB/HighLevel/PipeStream.o
 .data          0x0080010d        0x0 ../../../../LUFA/Drivers/USB/HighLevel/USBTask.o
 .data          0x0080010d        0x0 ../../../../LUFA/Drivers/USB/Class/Host/HIDParser.o
 .data          0x0080010d        0x0 ../../../../LUFA/Drivers/USB/Class/Device/Audio.o
 .data          0x0080010d        0x8 ../../../../LUFA/Drivers/USB/Class/Device/CDC.o
 .data          0x00800115        0x0 ../../../../LUFA/Drivers/USB/Class/Device/HID.o
 .data          0x00800115        0x0 ../../../../LUFA/Drivers/USB/Class/Device/MassStorage.o
 .data          0x00800115        0x0 ../../../../LUFA/Drivers/USB/Class/Device/MIDI.o
 .data          0x00800115        0x8 ../../../../LUFA/Drivers/USB/Class/Device/RNDIS.o
 .data          0x0080011d        0x0 ../../../../LUFA/Drivers/USB/Class/Host/CDC.o
 .data          0x0080011d        0x0 ../../../../LUFA/Drivers/USB/Class/Host/HID.o
 .data          0x0080011d        0x0 ../../../../LUFA/Drivers/USB/Class/Host/MassStorage.o
 .data          0x0080011d        0x0 ../../../../LUFA/Drivers/USB/Class/Host/MIDI.o
 .data          0x0080011d        0x0 ../../../../LUFA/Drivers/USB/Class/Host/Printer.o
 .data          0x0080011d        0x0 ../../../../LUFA/Drivers/USB/Class/Host/RNDIS.o
 .data          0x0080011d        0x0 ../../../../LUFA/Drivers/USB/Class/Host/StillImage.o
 .data          0x0080011d        0x0 c:/program files (x86)/atmel/avr tools/avr toolchain/bin/../lib/gcc/avr/4.6.2/avr51\libgcc.a(_exit.o)
 .data          0x0080011d        0x0 c:/program files (x86)/atmel/avr tools/avr toolchain/bin/../lib/gcc/avr/4.6.2/avr51\libgcc.a(_copy_data.o)
 .data          0x0080011d        0x0 c:/program files (x86)/atmel/avr tools/avr toolchain/bin/../lib/gcc/avr/4.6.2/avr51\libgcc.a(_clear_bss.o)
 .data          0x0080011d        0x0 c:/program files (x86)/atmel/avr tools/avr toolchain/bin/../lib/gcc/avr/4.6.2/../../../../avr/lib/avr51\libc.a(memcpy_P.o)
 .data          0x0080011d        0x0 c:/program files (x86)/atmel/avr tools/avr toolchain/bin/../lib/gcc/avr/4.6.2/../../../../avr/lib/avr51\libc.a(memcmp.o)
 .data          0x0080011d        0x0 c:/program files (x86)/atmel/avr tools/avr toolchain/bin/../lib/gcc/avr/4.6.2/../../../../avr/lib/avr51\libc.a(memcpy.o)
 .data          0x0080011d        0x0 c:/program files (x86)/atmel/avr tools/avr toolchain/bin/../lib/gcc/avr/4.6.2/../../../../avr/lib/avr51\libc.a(memset.o)
 .data          0x0080011d        0x0 c:/program files (x86)/atmel/avr tools/avr toolchain/bin/../lib/gcc/avr/4.6.2/../../../../avr/lib/avr51\libc.a(eerd_byte_at90usb1287.o)
 .data          0x0080011d        0x0 c:/program files (x86)/atmel/avr tools/avr toolchain/bin/../lib/gcc/avr/4.6.2/../../../../avr/lib/avr51\libc.a(eeupd_byte_at90usb1287.o)
 *(.data*)
 *(.rodata)
 *(.rodata*)
 *(.gnu.linkonce.d*)
                0x0080011e                . = ALIGN (0x2)
 *fill*         0x0080011d        0x1 00
                0x0080011e                _edata = .
                0x0080011e                PROVIDE (__data_end, .)

.bss            0x0080011e       0x20
                0x0080011e                PROVIDE (__bss_start, .)
 *(.bss)
 *(.bss*)
 *(COMMON)
 COMMON         0x0080011e       0x13 GenericHID.o
                0x0080011e                HIDReportEcho
                0x00800129                PrevHIDReportBuffer
 COMMON         0x00800131        0x3 ../../../../LUFA/Drivers/USB/HighLevel/DeviceStandardReq.o
                0x00800131                USB_CurrentlySelfPowered
                0x00800132                USB_RemoteWakeupEnabled
                0x00800133                USB_ConfigurationNumber
 COMMON         0x00800134        0xa ../../../../LUFA/Drivers/USB/HighLevel/USBTask.o
                0x00800134                USB_IsInitialized
                0x00800135                USB_DeviceState
                0x00800136                USB_ControlRequest
                0x0080013e                PROVIDE (__bss_end, .)
                0x00000fcc                __data_load_start = LOADADDR (.data)
                0x00000fea                __data_load_end = (__data_load_start + SIZEOF (.data))

.noinit         0x0080013e        0x0
                0x0080013e                PROVIDE (__noinit_start, .)
 *(.noinit*)
                0x0080013e                PROVIDE (__noinit_end, .)
                0x0080013e                _end = .
                0x0080013e                PROVIDE (__heap_start, .)

.eeprom         0x00810000        0x0
 *(.eeprom*)
                0x00810000                __eeprom_end = .

.fuse
 *(.fuse)
 *(.lfuse)
 *(.hfuse)
 *(.efuse)

.lock
 *(.lock*)

.signature
 *(.signature*)

.stab           0x00000000      0xa98
 *(.stab)
 .stab          0x00000000      0x6cc c:/program files (x86)/atmel/avr tools/avr toolchain/bin/../lib/gcc/avr/4.6.2/../../../../avr/lib/avr51/crtusb1286.o
 .stab          0x000006cc       0x84 c:/program files (x86)/atmel/avr tools/avr toolchain/bin/../lib/gcc/avr/4.6.2/../../../../avr/lib/avr51\libc.a(memcpy_P.o)
                                 0x90 (size before relaxing)
 .stab          0x00000750       0xb4 c:/program files (x86)/atmel/avr tools/avr toolchain/bin/../lib/gcc/avr/4.6.2/../../../../avr/lib/avr51\libc.a(memcmp.o)
                                 0xc0 (size before relaxing)
 .stab          0x00000804       0x84 c:/program files (x86)/atmel/avr tools/avr toolchain/bin/../lib/gcc/avr/4.6.2/../../../../avr/lib/avr51\libc.a(memcpy.o)
                                 0x90 (size before relaxing)
 .stab          0x00000888       0x6c c:/program files (x86)/atmel/avr tools/avr toolchain/bin/../lib/gcc/avr/4.6.2/../../../../avr/lib/avr51\libc.a(memset.o)
                                 0x78 (size before relaxing)
 .stab          0x000008f4       0x90 c:/program files (x86)/atmel/avr tools/avr toolchain/bin/../lib/gcc/avr/4.6.2/../../../../avr/lib/avr51\libc.a(eerd_byte_at90usb1287.o)
                                 0x9c (size before relaxing)
 .stab          0x00000984      0x114 c:/program files (x86)/atmel/avr tools/avr toolchain/bin/../lib/gcc/avr/4.6.2/../../../../avr/lib/avr51\libc.a(eeupd_byte_at90usb1287.o)
                                0x120 (size before relaxing)

.stabstr        0x00000000      0x2d8
 *(.stabstr)
 .stabstr       0x00000000      0x2d8 c:/program files (x86)/atmel/avr tools/avr toolchain/bin/../lib/gcc/avr/4.6.2/../../../../avr/lib/avr51/crtusb1286.o

.stab.excl
 *(.stab.excl)

.stab.exclstr
 *(.stab.exclstr)

.stab.index
 *(.stab.index)

.stab.indexstr
 *(.stab.indexstr)

.comment
 *(.comment)

.debug
 *(.debug)

.line
 *(.line)

.debug_srcinfo
 *(.debug_srcinfo)

.debug_sfnames
 *(.debug_sfnames)

.debug_aranges  0x00000000      0x480
 *(.debug_aranges)
 .debug_aranges
                0x00000000       0x68 GenericHID.o
 .debug_aranges
                0x00000068       0x20 Descriptors.o
 .debug_aranges
                0x00000088       0x20 ../../../../LUFA/Drivers/USB/LowLevel/Device.o
 .debug_aranges
                0x000000a8       0x38 ../../../../LUFA/Drivers/USB/LowLevel/Endpoint.o
 .debug_aranges
                0x000000e0       0x30 ../../../../LUFA/Drivers/USB/LowLevel/USBController.o
 .debug_aranges
                0x00000110       0x30 ../../../../LUFA/Drivers/USB/LowLevel/USBInterrupt.o
 .debug_aranges
                0x00000140       0x38 ../../../../LUFA/Drivers/USB/HighLevel/ConfigDescriptor.o
 .debug_aranges
                0x00000178       0x20 ../../../../LUFA/Drivers/USB/HighLevel/DeviceStandardReq.o
 .debug_aranges
                0x00000198       0x20 ../../../../LUFA/Drivers/USB/HighLevel/Events.o
 .debug_aranges
                0x000001b8       0xc0 ../../../../LUFA/Drivers/USB/HighLevel/EndpointStream.o
 .debug_aranges
                0x00000278       0x20 ../../../../LUFA/Drivers/USB/HighLevel/USBTask.o
 .debug_aranges
                0x00000298       0x28 ../../../../LUFA/Drivers/USB/Class/Device/Audio.o
 .debug_aranges
                0x000002c0       0x90 ../../../../LUFA/Drivers/USB/Class/Device/CDC.o
 .debug_aranges
                0x00000350       0x30 ../../../../LUFA/Drivers/USB/Class/Device/HID.o
 .debug_aranges
                0x00000380       0x38 ../../../../LUFA/Drivers/USB/Class/Device/MassStorage.o
 .debug_aranges
                0x000003b8       0x38 ../../../../LUFA/Drivers/USB/Class/Device/MIDI.o
 .debug_aranges
                0x000003f0       0x30 ../../../../LUFA/Drivers/USB/Class/Device/RNDIS.o
 .debug_aranges
                0x00000420       0x20 c:/program files (x86)/atmel/avr tools/avr toolchain/bin/../lib/gcc/avr/4.6.2/avr51\libgcc.a(_exit.o)
 .debug_aranges
                0x00000440       0x20 c:/program files (x86)/atmel/avr tools/avr toolchain/bin/../lib/gcc/avr/4.6.2/avr51\libgcc.a(_copy_data.o)
 .debug_aranges
                0x00000460       0x20 c:/program files (x86)/atmel/avr tools/avr toolchain/bin/../lib/gcc/avr/4.6.2/avr51\libgcc.a(_clear_bss.o)

.debug_pubnames
 *(.debug_pubnames)

.debug_info     0x00000000     0x713d
 *(.debug_info)
 .debug_info    0x00000000      0x4c4 GenericHID.o
 .debug_info    0x000004c4      0x67e Descriptors.o
 .debug_info    0x00000b42       0xca ../../../../LUFA/Drivers/USB/LowLevel/Device.o
 .debug_info    0x00000c0c      0x401 ../../../../LUFA/Drivers/USB/LowLevel/Endpoint.o
 .debug_info    0x0000100d      0x3eb ../../../../LUFA/Drivers/USB/LowLevel/USBController.o
 .debug_info    0x000013f8      0x2a0 ../../../../LUFA/Drivers/USB/LowLevel/USBInterrupt.o
 .debug_info    0x00001698      0x373 ../../../../LUFA/Drivers/USB/HighLevel/ConfigDescriptor.o
 .debug_info    0x00001a0b      0x983 ../../../../LUFA/Drivers/USB/HighLevel/DeviceStandardReq.o
 .debug_info    0x0000238e       0x77 ../../../../LUFA/Drivers/USB/HighLevel/Events.o
 .debug_info    0x00002405     0x1452 ../../../../LUFA/Drivers/USB/HighLevel/EndpointStream.o
 .debug_info    0x00003857      0x23d ../../../../LUFA/Drivers/USB/HighLevel/USBTask.o
 .debug_info    0x00003a94      0x3de ../../../../LUFA/Drivers/USB/Class/Device/Audio.o
 .debug_info    0x00003e72      0xba4 ../../../../LUFA/Drivers/USB/Class/Device/CDC.o
 .debug_info    0x00004a16      0x6de ../../../../LUFA/Drivers/USB/Class/Device/HID.o
 .debug_info    0x000050f4      0x8be ../../../../LUFA/Drivers/USB/Class/Device/MassStorage.o
 .debug_info    0x000059b2      0x5c6 ../../../../LUFA/Drivers/USB/Class/Device/MIDI.o
 .debug_info    0x00005f78      0xf2b ../../../../LUFA/Drivers/USB/Class/Device/RNDIS.o
 .debug_info    0x00006ea3       0xde c:/program files (x86)/atmel/avr tools/avr toolchain/bin/../lib/gcc/avr/4.6.2/avr51\libgcc.a(_exit.o)
 .debug_info    0x00006f81       0xde c:/program files (x86)/atmel/avr tools/avr toolchain/bin/../lib/gcc/avr/4.6.2/avr51\libgcc.a(_copy_data.o)
 .debug_info    0x0000705f       0xde c:/program files (x86)/atmel/avr tools/avr toolchain/bin/../lib/gcc/avr/4.6.2/avr51\libgcc.a(_clear_bss.o)
 *(.gnu.linkonce.wi.*)

.debug_abbrev   0x00000000     0x1cd7
 *(.debug_abbrev)
 .debug_abbrev  0x00000000      0x228 GenericHID.o
 .debug_abbrev  0x00000228      0x14d Descriptors.o
 .debug_abbrev  0x00000375       0x7d ../../../../LUFA/Drivers/USB/LowLevel/Device.o
 .debug_abbrev  0x000003f2      0x179 ../../../../LUFA/Drivers/USB/LowLevel/Endpoint.o
 .debug_abbrev  0x0000056b        0x1 ../../../../LUFA/Drivers/USB/LowLevel/Host.o
 .debug_abbrev  0x0000056c        0x1 ../../../../LUFA/Drivers/USB/LowLevel/Pipe.o
 .debug_abbrev  0x0000056d      0x16b ../../../../LUFA/Drivers/USB/LowLevel/USBController.o
 .debug_abbrev  0x000006d8      0x141 ../../../../LUFA/Drivers/USB/LowLevel/USBInterrupt.o
 .debug_abbrev  0x00000819      0x148 ../../../../LUFA/Drivers/USB/HighLevel/ConfigDescriptor.o
 .debug_abbrev  0x00000961      0x22b ../../../../LUFA/Drivers/USB/HighLevel/DeviceStandardReq.o
 .debug_abbrev  0x00000b8c       0x41 ../../../../LUFA/Drivers/USB/HighLevel/Events.o
 .debug_abbrev  0x00000bcd      0x1c1 ../../../../LUFA/Drivers/USB/HighLevel/EndpointStream.o
 .debug_abbrev  0x00000d8e        0x1 ../../../../LUFA/Drivers/USB/HighLevel/HostStandardReq.o
 .debug_abbrev  0x00000d8f        0x1 ../../../../LUFA/Drivers/USB/HighLevel/PipeStream.o
 .debug_abbrev  0x00000d90      0x150 ../../../../LUFA/Drivers/USB/HighLevel/USBTask.o
 .debug_abbrev  0x00000ee0        0x1 ../../../../LUFA/Drivers/USB/Class/Host/HIDParser.o
 .debug_abbrev  0x00000ee1      0x19f ../../../../LUFA/Drivers/USB/Class/Device/Audio.o
 .debug_abbrev  0x00001080      0x32d ../../../../LUFA/Drivers/USB/Class/Device/CDC.o
 .debug_abbrev  0x000013ad      0x206 ../../../../LUFA/Drivers/USB/Class/Device/HID.o
 .debug_abbrev  0x000015b3      0x217 ../../../../LUFA/Drivers/USB/Class/Device/MassStorage.o
 .debug_abbrev  0x000017ca      0x20c ../../../../LUFA/Drivers/USB/Class/Device/MIDI.o
 .debug_abbrev  0x000019d6      0x2be ../../../../LUFA/Drivers/USB/Class/Device/RNDIS.o
 .debug_abbrev  0x00001c94        0x1 ../../../../LUFA/Drivers/USB/Class/Host/CDC.o
 .debug_abbrev  0x00001c95        0x1 ../../../../LUFA/Drivers/USB/Class/Host/HID.o
 .debug_abbrev  0x00001c96        0x1 ../../../../LUFA/Drivers/USB/Class/Host/MassStorage.o
 .debug_abbrev  0x00001c97        0x1 ../../../../LUFA/Drivers/USB/Class/Host/MIDI.o
 .debug_abbrev  0x00001c98        0x1 ../../../../LUFA/Drivers/USB/Class/Host/Printer.o
 .debug_abbrev  0x00001c99        0x1 ../../../../LUFA/Drivers/USB/Class/Host/RNDIS.o
 .debug_abbrev  0x00001c9a        0x1 ../../../../LUFA/Drivers/USB/Class/Host/StillImage.o
 .debug_abbrev  0x00001c9b       0x14 c:/program files (x86)/atmel/avr tools/avr toolchain/bin/../lib/gcc/avr/4.6.2/avr51\libgcc.a(_exit.o)
 .debug_abbrev  0x00001caf       0x14 c:/program files (x86)/atmel/avr tools/avr toolchain/bin/../lib/gcc/avr/4.6.2/avr51\libgcc.a(_copy_data.o)
 .debug_abbrev  0x00001cc3       0x14 c:/program files (x86)/atmel/avr tools/avr toolchain/bin/../lib/gcc/avr/4.6.2/avr51\libgcc.a(_clear_bss.o)

.debug_line     0x00000000     0x36eb
 *(.debug_line)
 .debug_line    0x00000000      0x2b4 GenericHID.o
 .debug_line    0x000002b4      0x1ca Descriptors.o
 .debug_line    0x0000047e      0x103 ../../../../LUFA/Drivers/USB/LowLevel/Device.o
 .debug_line    0x00000581      0x2ba ../../../../LUFA/Drivers/USB/LowLevel/Endpoint.o
 .debug_line    0x0000083b        0x0 ../../../../LUFA/Drivers/USB/LowLevel/Host.o
 .debug_line    0x0000083b        0x0 ../../../../LUFA/Drivers/USB/LowLevel/Pipe.o
 .debug_line    0x0000083b      0x233 ../../../../LUFA/Drivers/USB/LowLevel/USBController.o
 .debug_line    0x00000a6e      0x25c ../../../../LUFA/Drivers/USB/LowLevel/USBInterrupt.o
 .debug_line    0x00000cca      0x1c6 ../../../../LUFA/Drivers/USB/HighLevel/ConfigDescriptor.o
 .debug_line    0x00000e90      0x38e ../../../../LUFA/Drivers/USB/HighLevel/DeviceStandardReq.o
 .debug_line    0x0000121e       0x5d ../../../../LUFA/Drivers/USB/HighLevel/Events.o
 .debug_line    0x0000127b      0xb9f ../../../../LUFA/Drivers/USB/HighLevel/EndpointStream.o
 .debug_line    0x00001e1a        0x0 ../../../../LUFA/Drivers/USB/HighLevel/HostStandardReq.o
 .debug_line    0x00001e1a        0x0 ../../../../LUFA/Drivers/USB/HighLevel/PipeStream.o
 .debug_line    0x00001e1a      0x1a0 ../../../../LUFA/Drivers/USB/HighLevel/USBTask.o
 .debug_line    0x00001fba        0x0 ../../../../LUFA/Drivers/USB/Class/Host/HIDParser.o
 .debug_line    0x00001fba      0x232 ../../../../LUFA/Drivers/USB/Class/Device/Audio.o
 .debug_line    0x000021ec      0x51b ../../../../LUFA/Drivers/USB/Class/Device/CDC.o
 .debug_line    0x00002707      0x36d ../../../../LUFA/Drivers/USB/Class/Device/HID.o
 .debug_line    0x00002a74      0x3f2 ../../../../LUFA/Drivers/USB/Class/Device/MassStorage.o
 .debug_line    0x00002e66      0x316 ../../../../LUFA/Drivers/USB/Class/Device/MIDI.o
 .debug_line    0x0000317c      0x3c3 ../../../../LUFA/Drivers/USB/Class/Device/RNDIS.o
 .debug_line    0x0000353f        0x0 ../../../../LUFA/Drivers/USB/Class/Host/CDC.o
 .debug_line    0x0000353f        0x0 ../../../../LUFA/Drivers/USB/Class/Host/HID.o
 .debug_line    0x0000353f        0x0 ../../../../LUFA/Drivers/USB/Class/Host/MassStorage.o
 .debug_line    0x0000353f        0x0 ../../../../LUFA/Drivers/USB/Class/Host/MIDI.o
 .debug_line    0x0000353f        0x0 ../../../../LUFA/Drivers/USB/Class/Host/Printer.o
 .debug_line    0x0000353f        0x0 ../../../../LUFA/Drivers/USB/Class/Host/RNDIS.o
 .debug_line    0x0000353f        0x0 ../../../../LUFA/Drivers/USB/Class/Host/StillImage.o
 .debug_line    0x0000353f       0x88 c:/program files (x86)/atmel/avr tools/avr toolchain/bin/../lib/gcc/avr/4.6.2/avr51\libgcc.a(_exit.o)
 .debug_line    0x000035c7       0x96 c:/program files (x86)/atmel/avr tools/avr toolchain/bin/../lib/gcc/avr/4.6.2/avr51\libgcc.a(_copy_data.o)
 .debug_line    0x0000365d       0x8e c:/program files (x86)/atmel/avr tools/avr toolchain/bin/../lib/gcc/avr/4.6.2/avr51\libgcc.a(_clear_bss.o)

.debug_frame    0x00000000      0xc68
 *(.debug_frame)
 .debug_frame   0x00000000       0xd8 GenericHID.o
 .debug_frame   0x000000d8       0x24 Descriptors.o
 .debug_frame   0x000000fc       0x24 ../../../../LUFA/Drivers/USB/LowLevel/Device.o
 .debug_frame   0x00000120       0x54 ../../../../LUFA/Drivers/USB/LowLevel/Endpoint.o
 .debug_frame   0x00000174       0x44 ../../../../LUFA/Drivers/USB/LowLevel/USBController.o
 .debug_frame   0x000001b8       0x98 ../../../../LUFA/Drivers/USB/LowLevel/USBInterrupt.o
 .debug_frame   0x00000250       0xc8 ../../../../LUFA/Drivers/USB/HighLevel/ConfigDescriptor.o
 .debug_frame   0x00000318       0x40 ../../../../LUFA/Drivers/USB/HighLevel/DeviceStandardReq.o
 .debug_frame   0x00000358       0x24 ../../../../LUFA/Drivers/USB/HighLevel/Events.o
 .debug_frame   0x0000037c      0x478 ../../../../LUFA/Drivers/USB/HighLevel/EndpointStream.o
 .debug_frame   0x000007f4       0x2c ../../../../LUFA/Drivers/USB/HighLevel/USBTask.o
 .debug_frame   0x00000820       0x54 ../../../../LUFA/Drivers/USB/Class/Device/Audio.o
 .debug_frame   0x00000874      0x154 ../../../../LUFA/Drivers/USB/Class/Device/CDC.o
 .debug_frame   0x000009c8      0x114 ../../../../LUFA/Drivers/USB/Class/Device/HID.o
 .debug_frame   0x00000adc       0x8c ../../../../LUFA/Drivers/USB/Class/Device/MassStorage.o
 .debug_frame   0x00000b68       0x68 ../../../../LUFA/Drivers/USB/Class/Device/MIDI.o
 .debug_frame   0x00000bd0       0x98 ../../../../LUFA/Drivers/USB/Class/Device/RNDIS.o

.debug_str      0x00000000     0x2c5c
 *(.debug_str)
 .debug_str     0x00000000      0x3d2 GenericHID.o
                                0x427 (size before relaxing)
 .debug_str     0x000003d2      0x527 Descriptors.o
                                0x671 (size before relaxing)
 .debug_str     0x000008f9       0x77 ../../../../LUFA/Drivers/USB/LowLevel/Device.o
                                0x13f (size before relaxing)
 .debug_str     0x00000970      0x3ae ../../../../LUFA/Drivers/USB/LowLevel/Endpoint.o
                                0x4a3 (size before relaxing)
 .debug_str     0x00000d1e      0x1fd ../../../../LUFA/Drivers/USB/LowLevel/USBController.o
                                0x3c7 (size before relaxing)
 .debug_str     0x00000f1b       0xb3 ../../../../LUFA/Drivers/USB/LowLevel/USBInterrupt.o
                                0x2f0 (size before relaxing)
 .debug_str     0x00000fce      0x231 ../../../../LUFA/Drivers/USB/HighLevel/ConfigDescriptor.o
                                0x327 (size before relaxing)
 .debug_str     0x000011ff      0x3c7 ../../../../LUFA/Drivers/USB/HighLevel/DeviceStandardReq.o
                                0x7b9 (size before relaxing)
 .debug_str     0x000015c6       0x3f ../../../../LUFA/Drivers/USB/HighLevel/Events.o
                                 0xf9 (size before relaxing)
 .debug_str     0x00001605      0x4df ../../../../LUFA/Drivers/USB/HighLevel/EndpointStream.o
                                0x791 (size before relaxing)
 .debug_str     0x00001ae4       0x75 ../../../../LUFA/Drivers/USB/HighLevel/USBTask.o
                                0x299 (size before relaxing)
 .debug_str     0x00001b59      0x12d ../../../../LUFA/Drivers/USB/Class/Device/Audio.o
                                0x3df (size before relaxing)
 .debug_str     0x00001c86      0x3fb ../../../../LUFA/Drivers/USB/Class/Device/CDC.o
                                0x96e (size before relaxing)
 .debug_str     0x00002081      0x19b ../../../../LUFA/Drivers/USB/Class/Device/HID.o
                                0x59b (size before relaxing)
 .debug_str     0x0000221c      0x26b ../../../../LUFA/Drivers/USB/Class/Device/MassStorage.o
                                0x702 (size before relaxing)
 .debug_str     0x00002487      0x102 ../../../../LUFA/Drivers/USB/Class/Device/MIDI.o
                                0x5e4 (size before relaxing)
 .debug_str     0x00002589      0x6d3 ../../../../LUFA/Drivers/USB/Class/Device/RNDIS.o
                                0xb33 (size before relaxing)

.debug_loc      0x00000000     0x446d
 *(.debug_loc)
 .debug_loc     0x00000000      0x1b6 GenericHID.o
 .debug_loc     0x000001b6      0x191 Descriptors.o
 .debug_loc     0x00000347      0x108 ../../../../LUFA/Drivers/USB/LowLevel/Endpoint.o
 .debug_loc     0x0000044f       0x13 ../../../../LUFA/Drivers/USB/LowLevel/USBController.o
 .debug_loc     0x00000462       0xf3 ../../../../LUFA/Drivers/USB/LowLevel/USBInterrupt.o
 .debug_loc     0x00000555      0x3e3 ../../../../LUFA/Drivers/USB/HighLevel/ConfigDescriptor.o
 .debug_loc     0x00000938      0x371 ../../../../LUFA/Drivers/USB/HighLevel/DeviceStandardReq.o
 .debug_loc     0x00000ca9     0x1a24 ../../../../LUFA/Drivers/USB/HighLevel/EndpointStream.o
 .debug_loc     0x000026cd       0x49 ../../../../LUFA/Drivers/USB/HighLevel/USBTask.o
 .debug_loc     0x00002716      0x245 ../../../../LUFA/Drivers/USB/Class/Device/Audio.o
 .debug_loc     0x0000295b      0x73e ../../../../LUFA/Drivers/USB/Class/Device/CDC.o
 .debug_loc     0x00003099      0x4ad ../../../../LUFA/Drivers/USB/Class/Device/HID.o
 .debug_loc     0x00003546      0x3eb ../../../../LUFA/Drivers/USB/Class/Device/MassStorage.o
 .debug_loc     0x00003931      0x3ae ../../../../LUFA/Drivers/USB/Class/Device/MIDI.o
 .debug_loc     0x00003cdf      0x78e ../../../../LUFA/Drivers/USB/Class/Device/RNDIS.o

.debug_macinfo
 *(.debug_macinfo)
OUTPUT(GenericHID.elf elf32-avr)
LOAD linker stubs

.debug_ranges   0x00000000      0x6e0
 .debug_ranges  0x00000000       0x58 GenericHID.o
 .debug_ranges  0x00000058       0x10 Descriptors.o
 .debug_ranges  0x00000068       0x10 ../../../../LUFA/Drivers/USB/LowLevel/Device.o
 .debug_ranges  0x00000078       0x28 ../../../../LUFA/Drivers/USB/LowLevel/Endpoint.o
 .debug_ranges  0x000000a0       0x20 ../../../../LUFA/Drivers/USB/LowLevel/USBController.o
 .debug_ranges  0x000000c0       0x20 ../../../../LUFA/Drivers/USB/LowLevel/USBInterrupt.o
 .debug_ranges  0x000000e0       0x28 ../../../../LUFA/Drivers/USB/HighLevel/ConfigDescriptor.o
 .debug_ranges  0x00000108       0x10 ../../../../LUFA/Drivers/USB/HighLevel/DeviceStandardReq.o
 .debug_ranges  0x00000118       0x10 ../../../../LUFA/Drivers/USB/HighLevel/Events.o
 .debug_ranges  0x00000128      0x2d0 ../../../../LUFA/Drivers/USB/HighLevel/EndpointStream.o
 .debug_ranges  0x000003f8       0x10 ../../../../LUFA/Drivers/USB/HighLevel/USBTask.o
 .debug_ranges  0x00000408       0x30 ../../../../LUFA/Drivers/USB/Class/Device/Audio.o
 .debug_ranges  0x00000438       0xc8 ../../../../LUFA/Drivers/USB/Class/Device/CDC.o
 .debug_ranges  0x00000500       0x50 ../../../../LUFA/Drivers/USB/Class/Device/HID.o
 .debug_ranges  0x00000550       0x70 ../../../../LUFA/Drivers/USB/Class/Device/MassStorage.o
 .debug_ranges  0x000005c0       0x70 ../../../../LUFA/Drivers/USB/Class/Device/MIDI.o
 .debug_ranges  0x00000630       0xb0 ../../../../LUFA/Drivers/USB/Class/Device/RNDIS.o

Cross Reference Table

Symbol                                            File
Audio_Device_ConfigureEndpoints                   ../../../../LUFA/Drivers/USB/Class/Device/Audio.o
Audio_Device_ProcessControlRequest                ../../../../LUFA/Drivers/USB/Class/Device/Audio.o
CALLBACK_HID_Device_CreateHIDReport               GenericHID.o
                                                  ../../../../LUFA/Drivers/USB/Class/Device/HID.o
CALLBACK_HID_Device_ProcessHIDReport              GenericHID.o
                                                  ../../../../LUFA/Drivers/USB/Class/Device/HID.o
CALLBACK_MS_Device_SCSICommandReceived            ../../../../LUFA/Drivers/USB/Class/Device/MassStorage.o
CALLBACK_USB_GetDescriptor                        Descriptors.o
                                                  ../../../../LUFA/Drivers/USB/HighLevel/DeviceStandardReq.o
CDC_Device_BytesReceived                          ../../../../LUFA/Drivers/USB/Class/Device/CDC.o
CDC_Device_ConfigureEndpoints                     ../../../../LUFA/Drivers/USB/Class/Device/CDC.o
CDC_Device_CreateBlockingStream                   ../../../../LUFA/Drivers/USB/Class/Device/CDC.o
CDC_Device_CreateStream                           ../../../../LUFA/Drivers/USB/Class/Device/CDC.o
CDC_Device_Event_Stub                             ../../../../LUFA/Drivers/USB/Class/Device/CDC.o
CDC_Device_Flush                                  ../../../../LUFA/Drivers/USB/Class/Device/CDC.o
CDC_Device_ProcessControlRequest                  ../../../../LUFA/Drivers/USB/Class/Device/CDC.o
CDC_Device_ReceiveByte                            ../../../../LUFA/Drivers/USB/Class/Device/CDC.o
CDC_Device_SendByte                               ../../../../LUFA/Drivers/USB/Class/Device/CDC.o
CDC_Device_SendControlLineStateChange             ../../../../LUFA/Drivers/USB/Class/Device/CDC.o
CDC_Device_SendString                             ../../../../LUFA/Drivers/USB/Class/Device/CDC.o
CDC_Device_USBTask                                ../../../../LUFA/Drivers/USB/Class/Device/CDC.o
ConfigurationDescriptor                           Descriptors.o
DeviceDescriptor                                  Descriptors.o
EVENT_CDC_Device_BreakSent                        ../../../../LUFA/Drivers/USB/Class/Device/CDC.o
EVENT_CDC_Device_ControLineStateChanged           ../../../../LUFA/Drivers/USB/Class/Device/CDC.o
EVENT_CDC_Device_LineEncodingChanged              ../../../../LUFA/Drivers/USB/Class/Device/CDC.o
EVENT_USB_Device_ConfigurationChanged             GenericHID.o
                                                  ../../../../LUFA/Drivers/USB/HighLevel/DeviceStandardReq.o
EVENT_USB_Device_Connect                          GenericHID.o
                                                  ../../../../LUFA/Drivers/USB/LowLevel/USBInterrupt.o
EVENT_USB_Device_Disconnect                       GenericHID.o
                                                  ../../../../LUFA/Drivers/USB/LowLevel/USBInterrupt.o
EVENT_USB_Device_Reset                            ../../../../LUFA/Drivers/USB/HighLevel/Events.o
                                                  ../../../../LUFA/Drivers/USB/LowLevel/USBInterrupt.o
EVENT_USB_Device_StartOfFrame                     GenericHID.o
                                                  ../../../../LUFA/Drivers/USB/LowLevel/USBInterrupt.o
EVENT_USB_Device_Suspend                          ../../../../LUFA/Drivers/USB/HighLevel/Events.o
                                                  ../../../../LUFA/Drivers/USB/LowLevel/USBInterrupt.o
EVENT_USB_Device_UnhandledControlRequest          GenericHID.o
                                                  ../../../../LUFA/Drivers/USB/HighLevel/DeviceStandardReq.o
EVENT_USB_Device_WakeUp                           ../../../../LUFA/Drivers/USB/HighLevel/Events.o
                                                  ../../../../LUFA/Drivers/USB/LowLevel/USBInterrupt.o
Endpoint_ClearEndpoints                           ../../../../LUFA/Drivers/USB/LowLevel/Endpoint.o
Endpoint_ClearStatusStage                         ../../../../LUFA/Drivers/USB/LowLevel/Endpoint.o
                                                  ../../../../LUFA/Drivers/USB/Class/Device/MassStorage.o
                                                  ../../../../LUFA/Drivers/USB/Class/Device/HID.o
                                                  ../../../../LUFA/Drivers/USB/Class/Device/CDC.o
                                                  ../../../../LUFA/Drivers/USB/Class/Device/Audio.o
                                                  ../../../../LUFA/Drivers/USB/HighLevel/DeviceStandardReq.o
Endpoint_ConfigureEndpoint_Prv                    ../../../../LUFA/Drivers/USB/LowLevel/Endpoint.o
                                                  ../../../../LUFA/Drivers/USB/Class/Device/RNDIS.o
                                                  ../../../../LUFA/Drivers/USB/Class/Device/MIDI.o
                                                  ../../../../LUFA/Drivers/USB/Class/Device/MassStorage.o
                                                  ../../../../LUFA/Drivers/USB/Class/Device/HID.o
                                                  ../../../../LUFA/Drivers/USB/Class/Device/CDC.o
                                                  ../../../../LUFA/Drivers/USB/Class/Device/Audio.o
                                                  ../../../../LUFA/Drivers/USB/LowLevel/USBInterrupt.o
                                                  ../../../../LUFA/Drivers/USB/LowLevel/USBController.o
Endpoint_Discard_Stream                           ../../../../LUFA/Drivers/USB/HighLevel/EndpointStream.o
Endpoint_Read_Control_EStream_BE                  ../../../../LUFA/Drivers/USB/HighLevel/EndpointStream.o
Endpoint_Read_Control_EStream_LE                  ../../../../LUFA/Drivers/USB/HighLevel/EndpointStream.o
Endpoint_Read_Control_Stream_BE                   ../../../../LUFA/Drivers/USB/HighLevel/EndpointStream.o
Endpoint_Read_Control_Stream_LE                   ../../../../LUFA/Drivers/USB/HighLevel/EndpointStream.o
                                                  ../../../../LUFA/Drivers/USB/Class/Device/RNDIS.o
                                                  ../../../../LUFA/Drivers/USB/Class/Device/HID.o
                                                  ../../../../LUFA/Drivers/USB/Class/Device/CDC.o
Endpoint_Read_EStream_BE                          ../../../../LUFA/Drivers/USB/HighLevel/EndpointStream.o
Endpoint_Read_EStream_LE                          ../../../../LUFA/Drivers/USB/HighLevel/EndpointStream.o
Endpoint_Read_Stream_BE                           ../../../../LUFA/Drivers/USB/HighLevel/EndpointStream.o
Endpoint_Read_Stream_LE                           ../../../../LUFA/Drivers/USB/HighLevel/EndpointStream.o
                                                  ../../../../LUFA/Drivers/USB/Class/Device/RNDIS.o
                                                  ../../../../LUFA/Drivers/USB/Class/Device/MIDI.o
                                                  ../../../../LUFA/Drivers/USB/Class/Device/MassStorage.o
Endpoint_WaitUntilReady                           ../../../../LUFA/Drivers/USB/LowLevel/Endpoint.o
                                                  ../../../../LUFA/Drivers/USB/Class/Device/MIDI.o
                                                  ../../../../LUFA/Drivers/USB/Class/Device/CDC.o
                                                  ../../../../LUFA/Drivers/USB/HighLevel/EndpointStream.o
Endpoint_Write_Control_EStream_BE                 ../../../../LUFA/Drivers/USB/HighLevel/EndpointStream.o
Endpoint_Write_Control_EStream_LE                 ../../../../LUFA/Drivers/USB/HighLevel/EndpointStream.o
Endpoint_Write_Control_PStream_BE                 ../../../../LUFA/Drivers/USB/HighLevel/EndpointStream.o
Endpoint_Write_Control_PStream_LE                 ../../../../LUFA/Drivers/USB/HighLevel/EndpointStream.o
                                                  ../../../../LUFA/Drivers/USB/HighLevel/DeviceStandardReq.o
Endpoint_Write_Control_Stream_BE                  ../../../../LUFA/Drivers/USB/HighLevel/EndpointStream.o
Endpoint_Write_Control_Stream_LE                  ../../../../LUFA/Drivers/USB/HighLevel/EndpointStream.o
                                                  ../../../../LUFA/Drivers/USB/Class/Device/RNDIS.o
                                                  ../../../../LUFA/Drivers/USB/Class/Device/HID.o
                                                  ../../../../LUFA/Drivers/USB/Class/Device/CDC.o
                                                  ../../../../LUFA/Drivers/USB/HighLevel/DeviceStandardReq.o
Endpoint_Write_EStream_BE                         ../../../../LUFA/Drivers/USB/HighLevel/EndpointStream.o
Endpoint_Write_EStream_LE                         ../../../../LUFA/Drivers/USB/HighLevel/EndpointStream.o
Endpoint_Write_PStream_BE                         ../../../../LUFA/Drivers/USB/HighLevel/EndpointStream.o
Endpoint_Write_PStream_LE                         ../../../../LUFA/Drivers/USB/HighLevel/EndpointStream.o
Endpoint_Write_Stream_BE                          ../../../../LUFA/Drivers/USB/HighLevel/EndpointStream.o
Endpoint_Write_Stream_LE                          ../../../../LUFA/Drivers/USB/HighLevel/EndpointStream.o
                                                  ../../../../LUFA/Drivers/USB/Class/Device/RNDIS.o
                                                  ../../../../LUFA/Drivers/USB/Class/Device/MIDI.o
                                                  ../../../../LUFA/Drivers/USB/Class/Device/MassStorage.o
                                                  ../../../../LUFA/Drivers/USB/Class/Device/HID.o
                                                  ../../../../LUFA/Drivers/USB/Class/Device/CDC.o
GenericReport                                     Descriptors.o
Generic_HID_Interface                             GenericHID.o
HIDReportEcho                                     GenericHID.o
HID_Device_ConfigureEndpoints                     ../../../../LUFA/Drivers/USB/Class/Device/HID.o
                                                  GenericHID.o
HID_Device_ProcessControlRequest                  ../../../../LUFA/Drivers/USB/Class/Device/HID.o
                                                  GenericHID.o
HID_Device_USBTask                                ../../../../LUFA/Drivers/USB/Class/Device/HID.o
                                                  GenericHID.o
LanguageString                                    Descriptors.o
MIDI_Device_ConfigureEndpoints                    ../../../../LUFA/Drivers/USB/Class/Device/MIDI.o
MIDI_Device_Flush                                 ../../../../LUFA/Drivers/USB/Class/Device/MIDI.o
MIDI_Device_ReceiveEventPacket                    ../../../../LUFA/Drivers/USB/Class/Device/MIDI.o
MIDI_Device_SendEventPacket                       ../../../../LUFA/Drivers/USB/Class/Device/MIDI.o
MS_Device_ConfigureEndpoints                      ../../../../LUFA/Drivers/USB/Class/Device/MassStorage.o
MS_Device_ProcessControlRequest                   ../../../../LUFA/Drivers/USB/Class/Device/MassStorage.o
MS_Device_USBTask                                 ../../../../LUFA/Drivers/USB/Class/Device/MassStorage.o
ManufacturerString                                Descriptors.o
PrevHIDReportBuffer                               GenericHID.o
ProductString                                     Descriptors.o
RNDIS_Device_ConfigureEndpoints                   ../../../../LUFA/Drivers/USB/Class/Device/RNDIS.o
RNDIS_Device_ProcessControlRequest                ../../../../LUFA/Drivers/USB/Class/Device/RNDIS.o
RNDIS_Device_USBTask                              ../../../../LUFA/Drivers/USB/Class/Device/RNDIS.o
SetupHardware                                     GenericHID.o
USB_ConfigurationNumber                           ../../../../LUFA/Drivers/USB/HighLevel/DeviceStandardReq.o
                                                  ../../../../LUFA/Drivers/USB/LowLevel/USBInterrupt.o
                                                  ../../../../LUFA/Drivers/USB/LowLevel/USBController.o
USB_ControlRequest                                ../../../../LUFA/Drivers/USB/Class/Device/RNDIS.o
                                                  ../../../../LUFA/Drivers/USB/Class/Device/MassStorage.o
                                                  ../../../../LUFA/Drivers/USB/Class/Device/HID.o
                                                  ../../../../LUFA/Drivers/USB/Class/Device/CDC.o
                                                  ../../../../LUFA/Drivers/USB/Class/Device/Audio.o
                                                  ../../../../LUFA/Drivers/USB/HighLevel/USBTask.o
                                                  ../../../../LUFA/Drivers/USB/HighLevel/EndpointStream.o
                                                  ../../../../LUFA/Drivers/USB/HighLevel/DeviceStandardReq.o
                                                  ../../../../LUFA/Drivers/USB/LowLevel/Endpoint.o
USB_CurrentlySelfPowered                          ../../../../LUFA/Drivers/USB/HighLevel/DeviceStandardReq.o
                                                  ../../../../LUFA/Drivers/USB/LowLevel/USBController.o
USB_DeviceState                                   ../../../../LUFA/Drivers/USB/Class/Device/RNDIS.o
                                                  ../../../../LUFA/Drivers/USB/Class/Device/MIDI.o
                                                  ../../../../LUFA/Drivers/USB/Class/Device/MassStorage.o
                                                  ../../../../LUFA/Drivers/USB/Class/Device/HID.o
                                                  ../../../../LUFA/Drivers/USB/Class/Device/CDC.o
                                                  ../../../../LUFA/Drivers/USB/HighLevel/USBTask.o
                                                  ../../../../LUFA/Drivers/USB/HighLevel/EndpointStream.o
                                                  ../../../../LUFA/Drivers/USB/HighLevel/DeviceStandardReq.o
                                                  ../../../../LUFA/Drivers/USB/LowLevel/USBInterrupt.o
                                                  ../../../../LUFA/Drivers/USB/LowLevel/USBController.o
                                                  ../../../../LUFA/Drivers/USB/LowLevel/Endpoint.o
USB_Device_ProcessControlRequest                  ../../../../LUFA/Drivers/USB/HighLevel/DeviceStandardReq.o
                                                  ../../../../LUFA/Drivers/USB/HighLevel/USBTask.o
USB_Device_SendRemoteWakeup                       ../../../../LUFA/Drivers/USB/LowLevel/Device.o
USB_Event_Stub                                    ../../../../LUFA/Drivers/USB/HighLevel/Events.o
USB_GetNextDescriptorComp                         ../../../../LUFA/Drivers/USB/HighLevel/ConfigDescriptor.o
USB_GetNextDescriptorOfType                       ../../../../LUFA/Drivers/USB/HighLevel/ConfigDescriptor.o
USB_GetNextDescriptorOfTypeAfter                  ../../../../LUFA/Drivers/USB/HighLevel/ConfigDescriptor.o
USB_GetNextDescriptorOfTypeBefore                 ../../../../LUFA/Drivers/USB/HighLevel/ConfigDescriptor.o
USB_INT_ClearAllInterrupts                        ../../../../LUFA/Drivers/USB/LowLevel/USBInterrupt.o
                                                  ../../../../LUFA/Drivers/USB/LowLevel/USBController.o
USB_INT_DisableAllInterrupts                      ../../../../LUFA/Drivers/USB/LowLevel/USBInterrupt.o
                                                  ../../../../LUFA/Drivers/USB/LowLevel/USBController.o
USB_Init                                          ../../../../LUFA/Drivers/USB/LowLevel/USBController.o
                                                  GenericHID.o
USB_IsInitialized                                 ../../../../LUFA/Drivers/USB/HighLevel/USBTask.o
                                                  ../../../../LUFA/Drivers/USB/LowLevel/USBController.o
USB_RemoteWakeupEnabled                           ../../../../LUFA/Drivers/USB/HighLevel/DeviceStandardReq.o
                                                  ../../../../LUFA/Drivers/USB/LowLevel/USBController.o
USB_ResetInterface                                ../../../../LUFA/Drivers/USB/LowLevel/USBController.o
USB_ShutDown                                      ../../../../LUFA/Drivers/USB/LowLevel/USBController.o
USB_USBTask                                       ../../../../LUFA/Drivers/USB/HighLevel/USBTask.o
                                                  ../../../../LUFA/Drivers/USB/Class/Device/MassStorage.o
                                                  ../../../../LUFA/Drivers/USB/Class/Device/CDC.o
                                                  GenericHID.o
__bad_interrupt                                   c:/program files (x86)/atmel/avr tools/avr toolchain/bin/../lib/gcc/avr/4.6.2/../../../../avr/lib/avr51/crtusb1286.o
__bss_end                                         c:/program files (x86)/atmel/avr tools/avr toolchain/bin/../lib/gcc/avr/4.6.2/avr51\libgcc.a(_clear_bss.o)
__bss_start                                       c:/program files (x86)/atmel/avr tools/avr toolchain/bin/../lib/gcc/avr/4.6.2/avr51\libgcc.a(_clear_bss.o)
__data_end                                        c:/program files (x86)/atmel/avr tools/avr toolchain/bin/../lib/gcc/avr/4.6.2/avr51\libgcc.a(_copy_data.o)
__data_load_start                                 c:/program files (x86)/atmel/avr tools/avr toolchain/bin/../lib/gcc/avr/4.6.2/avr51\libgcc.a(_copy_data.o)
__data_start                                      c:/program files (x86)/atmel/avr tools/avr toolchain/bin/../lib/gcc/avr/4.6.2/avr51\libgcc.a(_copy_data.o)
__do_clear_bss                                    c:/program files (x86)/atmel/avr tools/avr toolchain/bin/../lib/gcc/avr/4.6.2/avr51\libgcc.a(_clear_bss.o)
                                                  ../../../../LUFA/Drivers/USB/Class/Host/StillImage.o
                                                  ../../../../LUFA/Drivers/USB/Class/Host/RNDIS.o
                                                  ../../../../LUFA/Drivers/USB/Class/Host/Printer.o
                                                  ../../../../LUFA/Drivers/USB/Class/Host/MIDI.o
                                                  ../../../../LUFA/Drivers/USB/Class/Host/MassStorage.o
                                                  ../../../../LUFA/Drivers/USB/Class/Host/HID.o
                                                  ../../../../LUFA/Drivers/USB/Class/Host/CDC.o
                                                  ../../../../LUFA/Drivers/USB/Class/Device/RNDIS.o
                                                  ../../../../LUFA/Drivers/USB/Class/Device/MIDI.o
                                                  ../../../../LUFA/Drivers/USB/Class/Device/MassStorage.o
                                                  ../../../../LUFA/Drivers/USB/Class/Device/HID.o
                                                  ../../../../LUFA/Drivers/USB/Class/Device/CDC.o
                                                  ../../../../LUFA/Drivers/USB/Class/Device/Audio.o
                                                  ../../../../LUFA/Drivers/USB/Class/Host/HIDParser.o
                                                  ../../../../LUFA/Drivers/USB/HighLevel/USBTask.o
                                                  ../../../../LUFA/Drivers/USB/HighLevel/PipeStream.o
                                                  ../../../../LUFA/Drivers/USB/HighLevel/HostStandardReq.o
                                                  ../../../../LUFA/Drivers/USB/HighLevel/EndpointStream.o
                                                  ../../../../LUFA/Drivers/USB/HighLevel/Events.o
                                                  ../../../../LUFA/Drivers/USB/HighLevel/DeviceStandardReq.o
                                                  ../../../../LUFA/Drivers/USB/HighLevel/ConfigDescriptor.o
                                                  ../../../../LUFA/Drivers/USB/LowLevel/USBInterrupt.o
                                                  ../../../../LUFA/Drivers/USB/LowLevel/USBController.o
                                                  ../../../../LUFA/Drivers/USB/LowLevel/Pipe.o
                                                  ../../../../LUFA/Drivers/USB/LowLevel/Host.o
                                                  ../../../../LUFA/Drivers/USB/LowLevel/Endpoint.o
                                                  ../../../../LUFA/Drivers/USB/LowLevel/Device.o
                                                  Descriptors.o
                                                  GenericHID.o
__do_copy_data                                    c:/program files (x86)/atmel/avr tools/avr toolchain/bin/../lib/gcc/avr/4.6.2/avr51\libgcc.a(_copy_data.o)
                                                  ../../../../LUFA/Drivers/USB/Class/Host/StillImage.o
                                                  ../../../../LUFA/Drivers/USB/Class/Host/RNDIS.o
                                                  ../../../../LUFA/Drivers/USB/Class/Host/Printer.o
                                                  ../../../../LUFA/Drivers/USB/Class/Host/MIDI.o
                                                  ../../../../LUFA/Drivers/USB/Class/Host/MassStorage.o
                                                  ../../../../LUFA/Drivers/USB/Class/Host/HID.o
                                                  ../../../../LUFA/Drivers/USB/Class/Host/CDC.o
                                                  ../../../../LUFA/Drivers/USB/Class/Device/RNDIS.o
                                                  ../../../../LUFA/Drivers/USB/Class/Device/MIDI.o
                                                  ../../../../LUFA/Drivers/USB/Class/Device/MassStorage.o
                                                  ../../../../LUFA/Drivers/USB/Class/Device/HID.o
                                                  ../../../../LUFA/Drivers/USB/Class/Device/CDC.o
                                                  ../../../../LUFA/Drivers/USB/Class/Device/Audio.o
                                                  ../../../../LUFA/Drivers/USB/Class/Host/HIDParser.o
                                                  ../../../../LUFA/Drivers/USB/HighLevel/USBTask.o
                                                  ../../../../LUFA/Drivers/USB/HighLevel/PipeStream.o
                                                  ../../../../LUFA/Drivers/USB/HighLevel/HostStandardReq.o
                                                  ../../../../LUFA/Drivers/USB/HighLevel/EndpointStream.o
                                                  ../../../../LUFA/Drivers/USB/HighLevel/Events.o
                                                  ../../../../LUFA/Drivers/USB/HighLevel/DeviceStandardReq.o
                                                  ../../../../LUFA/Drivers/USB/HighLevel/ConfigDescriptor.o
                                                  ../../../../LUFA/Drivers/USB/LowLevel/USBInterrupt.o
                                                  ../../../../LUFA/Drivers/USB/LowLevel/USBController.o
                                                  ../../../../LUFA/Drivers/USB/LowLevel/Pipe.o
                                                  ../../../../LUFA/Drivers/USB/LowLevel/Host.o
                                                  ../../../../LUFA/Drivers/USB/LowLevel/Endpoint.o
                                                  ../../../../LUFA/Drivers/USB/LowLevel/Device.o
                                                  Descriptors.o
                                                  GenericHID.o
__eerd_byte_usb1287                               c:/program files (x86)/atmel/avr tools/avr toolchain/bin/../lib/gcc/avr/4.6.2/../../../../avr/lib/avr51\libc.a(eerd_byte_at90usb1287.o)
                                                  ../../../../LUFA/Drivers/USB/HighLevel/EndpointStream.o
__eeupd_byte_usb1287                              c:/program files (x86)/atmel/avr tools/avr toolchain/bin/../lib/gcc/avr/4.6.2/../../../../avr/lib/avr51\libc.a(eeupd_byte_at90usb1287.o)
                                                  ../../../../LUFA/Drivers/USB/HighLevel/EndpointStream.o
__eeupd_r18_usb1287                               c:/program files (x86)/atmel/avr tools/avr toolchain/bin/../lib/gcc/avr/4.6.2/../../../../avr/lib/avr51\libc.a(eeupd_byte_at90usb1287.o)
__heap_end                                        c:/program files (x86)/atmel/avr tools/avr toolchain/bin/../lib/gcc/avr/4.6.2/../../../../avr/lib/avr51/crtusb1286.o
__init                                            c:/program files (x86)/atmel/avr tools/avr toolchain/bin/../lib/gcc/avr/4.6.2/../../../../avr/lib/avr51/crtusb1286.o
__stack                                           c:/program files (x86)/atmel/avr tools/avr toolchain/bin/../lib/gcc/avr/4.6.2/../../../../avr/lib/avr51/crtusb1286.o
__vector_1                                        c:/program files (x86)/atmel/avr tools/avr toolchain/bin/../lib/gcc/avr/4.6.2/../../../../avr/lib/avr51/crtusb1286.o
__vector_10                                       ../../../../LUFA/Drivers/USB/LowLevel/USBInterrupt.o
                                                  c:/program files (x86)/atmel/avr tools/avr toolchain/bin/../lib/gcc/avr/4.6.2/../../../../avr/lib/avr51/crtusb1286.o
__vector_11                                       c:/program files (x86)/atmel/avr tools/avr toolchain/bin/../lib/gcc/avr/4.6.2/../../../../avr/lib/avr51/crtusb1286.o
__vector_12                                       c:/program files (x86)/atmel/avr tools/avr toolchain/bin/../lib/gcc/avr/4.6.2/../../../../avr/lib/avr51/crtusb1286.o
__vector_13                                       c:/program files (x86)/atmel/avr tools/avr toolchain/bin/../lib/gcc/avr/4.6.2/../../../../avr/lib/avr51/crtusb1286.o
__vector_14                                       c:/program files (x86)/atmel/avr tools/avr toolchain/bin/../lib/gcc/avr/4.6.2/../../../../avr/lib/avr51/crtusb1286.o
__vector_15                                       c:/program files (x86)/atmel/avr tools/avr toolchain/bin/../lib/gcc/avr/4.6.2/../../../../avr/lib/avr51/crtusb1286.o
__vector_16                                       c:/program files (x86)/atmel/avr tools/avr toolchain/bin/../lib/gcc/avr/4.6.2/../../../../avr/lib/avr51/crtusb1286.o
__vector_17                                       c:/program files (x86)/atmel/avr tools/avr toolchain/bin/../lib/gcc/avr/4.6.2/../../../../avr/lib/avr51/crtusb1286.o
__vector_18                                       c:/program files (x86)/atmel/avr tools/avr toolchain/bin/../lib/gcc/avr/4.6.2/../../../../avr/lib/avr51/crtusb1286.o
__vector_19                                       c:/program files (x86)/atmel/avr tools/avr toolchain/bin/../lib/gcc/avr/4.6.2/../../../../avr/lib/avr51/crtusb1286.o
__vector_2                                        c:/program files (x86)/atmel/avr tools/avr toolchain/bin/../lib/gcc/avr/4.6.2/../../../../avr/lib/avr51/crtusb1286.o
__vector_20                                       c:/program files (x86)/atmel/avr tools/avr toolchain/bin/../lib/gcc/avr/4.6.2/../../../../avr/lib/avr51/crtusb1286.o
__vector_21                                       c:/program files (x86)/atmel/avr tools/avr toolchain/bin/../lib/gcc/avr/4.6.2/../../../../avr/lib/avr51/crtusb1286.o
__vector_22                                       c:/program files (x86)/atmel/avr tools/avr toolchain/bin/../lib/gcc/avr/4.6.2/../../../../avr/lib/avr51/crtusb1286.o
__vector_23                                       c:/program files (x86)/atmel/avr tools/avr toolchain/bin/../lib/gcc/avr/4.6.2/../../../../avr/lib/avr51/crtusb1286.o
__vector_24                                       c:/program files (x86)/atmel/avr tools/avr toolchain/bin/../lib/gcc/avr/4.6.2/../../../../avr/lib/avr51/crtusb1286.o
__vector_25                                       c:/program files (x86)/atmel/avr tools/avr toolchain/bin/../lib/gcc/avr/4.6.2/../../../../avr/lib/avr51/crtusb1286.o
__vector_26                                       c:/program files (x86)/atmel/avr tools/avr toolchain/bin/../lib/gcc/avr/4.6.2/../../../../avr/lib/avr51/crtusb1286.o
__vector_27                                       c:/program files (x86)/atmel/avr tools/avr toolchain/bin/../lib/gcc/avr/4.6.2/../../../../avr/lib/avr51/crtusb1286.o
__vector_28                                       c:/program files (x86)/atmel/avr tools/avr toolchain/bin/../lib/gcc/avr/4.6.2/../../../../avr/lib/avr51/crtusb1286.o
__vector_29                                       c:/program files (x86)/atmel/avr tools/avr toolchain/bin/../lib/gcc/avr/4.6.2/../../../../avr/lib/avr51/crtusb1286.o
__vector_3                                        c:/program files (x86)/atmel/avr tools/avr toolchain/bin/../lib/gcc/avr/4.6.2/../../../../avr/lib/avr51/crtusb1286.o
__vector_30                                       c:/program files (x86)/atmel/avr tools/avr toolchain/bin/../lib/gcc/avr/4.6.2/../../../../avr/lib/avr51/crtusb1286.o
__vector_31                                       c:/program files (x86)/atmel/avr tools/avr toolchain/bin/../lib/gcc/avr/4.6.2/../../../../avr/lib/avr51/crtusb1286.o
__vector_32                                       c:/program files (x86)/atmel/avr tools/avr toolchain/bin/../lib/gcc/avr/4.6.2/../../../../avr/lib/avr51/crtusb1286.o
__vector_33                                       c:/program files (x86)/atmel/avr tools/avr toolchain/bin/../lib/gcc/avr/4.6.2/../../../../avr/lib/avr51/crtusb1286.o
__vector_34                                       c:/program files (x86)/atmel/avr tools/avr toolchain/bin/../lib/gcc/avr/4.6.2/../../../../avr/lib/avr51/crtusb1286.o
__vector_35                                       c:/program files (x86)/atmel/avr tools/avr toolchain/bin/../lib/gcc/avr/4.6.2/../../../../avr/lib/avr51/crtusb1286.o
__vector_36                                       c:/program files (x86)/atmel/avr tools/avr toolchain/bin/../lib/gcc/avr/4.6.2/../../../../avr/lib/avr51/crtusb1286.o
__vector_37                                       c:/program files (x86)/atmel/avr tools/avr toolchain/bin/../lib/gcc/avr/4.6.2/../../../../avr/lib/avr51/crtusb1286.o
__vector_4                                        c:/program files (x86)/atmel/avr tools/avr toolchain/bin/../lib/gcc/avr/4.6.2/../../../../avr/lib/avr51/crtusb1286.o
__vector_5                                        c:/program files (x86)/atmel/avr tools/avr toolchain/bin/../lib/gcc/avr/4.6.2/../../../../avr/lib/avr51/crtusb1286.o
__vector_6                                        c:/program files (x86)/atmel/avr tools/avr toolchain/bin/../lib/gcc/avr/4.6.2/../../../../avr/lib/avr51/crtusb1286.o
__vector_7                                        c:/program files (x86)/atmel/avr tools/avr toolchain/bin/../lib/gcc/avr/4.6.2/../../../../avr/lib/avr51/crtusb1286.o
__vector_8                                        c:/program files (x86)/atmel/avr tools/avr toolchain/bin/../lib/gcc/avr/4.6.2/../../../../avr/lib/avr51/crtusb1286.o
__vector_9                                        c:/program files (x86)/atmel/avr tools/avr toolchain/bin/../lib/gcc/avr/4.6.2/../../../../avr/lib/avr51/crtusb1286.o
__vector_default                                  c:/program files (x86)/atmel/avr tools/avr toolchain/bin/../lib/gcc/avr/4.6.2/../../../../avr/lib/avr51/crtusb1286.o
__vectors                                         c:/program files (x86)/atmel/avr tools/avr toolchain/bin/../lib/gcc/avr/4.6.2/../../../../avr/lib/avr51/crtusb1286.o
_exit                                             c:/program files (x86)/atmel/avr tools/avr toolchain/bin/../lib/gcc/avr/4.6.2/avr51\libgcc.a(_exit.o)
exit                                              c:/program files (x86)/atmel/avr tools/avr toolchain/bin/../lib/gcc/avr/4.6.2/avr51\libgcc.a(_exit.o)
                                                  c:/program files (x86)/atmel/avr tools/avr toolchain/bin/../lib/gcc/avr/4.6.2/../../../../avr/lib/avr51/crtusb1286.o
main                                              GenericHID.o
                                                  c:/program files (x86)/atmel/avr tools/avr toolchain/bin/../lib/gcc/avr/4.6.2/../../../../avr/lib/avr51/crtusb1286.o
memcmp                                            c:/program files (x86)/atmel/avr tools/avr toolchain/bin/../lib/gcc/avr/4.6.2/../../../../avr/lib/avr51\libc.a(memcmp.o)
                                                  ../../../../LUFA/Drivers/USB/Class/Device/HID.o
memcpy                                            c:/program files (x86)/atmel/avr tools/avr toolchain/bin/../lib/gcc/avr/4.6.2/../../../../avr/lib/avr51\libc.a(memcpy.o)
                                                  ../../../../LUFA/Drivers/USB/Class/Device/RNDIS.o
                                                  ../../../../LUFA/Drivers/USB/Class/Device/HID.o
                                                  GenericHID.o
memcpy_P                                          c:/program files (x86)/atmel/avr tools/avr toolchain/bin/../lib/gcc/avr/4.6.2/../../../../avr/lib/avr51\libc.a(memcpy_P.o)
                                                  ../../../../LUFA/Drivers/USB/Class/Device/RNDIS.o
memset                                            c:/program files (x86)/atmel/avr tools/avr toolchain/bin/../lib/gcc/avr/4.6.2/../../../../avr/lib/avr51\libc.a(memset.o)
                                                  ../../../../LUFA/Drivers/USB/Class/Device/HID.o
